Archive member included to satisfy reference by file (symbol)

../Nios_bsp//libhal_bsp.a(alt_irq_register.o)
                              obj/default/hello_world.o (alt_irq_register)
../Nios_bsp//libhal_bsp.a(alt_irq_vars.o)
                              ../Nios_bsp//libhal_bsp.a(alt_irq_register.o) (alt_irq_active)
../Nios_bsp//libhal_bsp.a(alt_load.o)
                              ../Nios_bsp//obj/HAL/src/crt0.o (alt_load)
../Nios_bsp//libhal_bsp.a(alt_main.o)
                              ../Nios_bsp//obj/HAL/src/crt0.o (alt_main)
../Nios_bsp//libhal_bsp.a(alt_sys_init.o)
                              ../Nios_bsp//libhal_bsp.a(alt_main.o) (alt_irq_init)
../Nios_bsp//libhal_bsp.a(altera_avalon_jtag_uart_fd.o)
                              ../Nios_bsp//libhal_bsp.a(alt_sys_init.o) (altera_avalon_jtag_uart_read_fd)
../Nios_bsp//libhal_bsp.a(altera_avalon_jtag_uart_read.o)
                              ../Nios_bsp//libhal_bsp.a(altera_avalon_jtag_uart_fd.o) (altera_avalon_jtag_uart_read)
../Nios_bsp//libhal_bsp.a(altera_avalon_jtag_uart_write.o)
                              ../Nios_bsp//libhal_bsp.a(altera_avalon_jtag_uart_fd.o) (altera_avalon_jtag_uart_write)
../Nios_bsp//libhal_bsp.a(alt_close.o)
                              ../Nios_bsp//libhal_bsp.a(alt_main.o) (close)
../Nios_bsp//libhal_bsp.a(alt_dcache_flush_all.o)
                              ../Nios_bsp//libhal_bsp.a(alt_load.o) (alt_dcache_flush_all)
../Nios_bsp//libhal_bsp.a(alt_dev.o)
                              ../Nios_bsp//libhal_bsp.a(alt_sys_init.o) (alt_dev_list)
../Nios_bsp//libhal_bsp.a(alt_dev_llist_insert.o)
                              ../Nios_bsp//libhal_bsp.a(alt_sys_init.o) (alt_dev_llist_insert)
../Nios_bsp//libhal_bsp.a(alt_do_ctors.o)
                              ../Nios_bsp//libhal_bsp.a(alt_main.o) (_do_ctors)
../Nios_bsp//libhal_bsp.a(alt_do_dtors.o)
                              ../Nios_bsp//libhal_bsp.a(alt_main.o) (_do_dtors)
../Nios_bsp//libhal_bsp.a(alt_errno.o)
                              ../Nios_bsp//libhal_bsp.a(alt_close.o) (alt_errno)
../Nios_bsp//libhal_bsp.a(alt_icache_flush_all.o)
                              ../Nios_bsp//libhal_bsp.a(alt_load.o) (alt_icache_flush_all)
../Nios_bsp//libhal_bsp.a(alt_io_redirect.o)
                              ../Nios_bsp//libhal_bsp.a(alt_main.o) (alt_io_redirect)
../Nios_bsp//libhal_bsp.a(alt_irq_entry.o)
                              ../Nios_bsp//libhal_bsp.a(alt_irq_register.o) (alt_irq_entry)
../Nios_bsp//libhal_bsp.a(alt_irq_handler.o)
                              ../Nios_bsp//libhal_bsp.a(alt_irq_register.o) (alt_irq)
../Nios_bsp//libhal_bsp.a(alt_open.o)
                              ../Nios_bsp//libhal_bsp.a(alt_io_redirect.o) (open)
../Nios_bsp//libhal_bsp.a(alt_release_fd.o)
                              ../Nios_bsp//libhal_bsp.a(alt_close.o) (alt_release_fd)
../Nios_bsp//libhal_bsp.a(altera_nios2_gen2_irq.o)
                              ../Nios_bsp//libhal_bsp.a(alt_sys_init.o) (altera_nios2_gen2_irq_init)
../Nios_bsp//libhal_bsp.a(alt_exception_entry.o)
                              ../Nios_bsp//libhal_bsp.a(alt_irq_entry.o) (alt_exception)
../Nios_bsp//libhal_bsp.a(alt_find_dev.o)
                              ../Nios_bsp//libhal_bsp.a(alt_open.o) (alt_find_dev)
../Nios_bsp//libhal_bsp.a(alt_find_file.o)
                              ../Nios_bsp//libhal_bsp.a(alt_open.o) (alt_find_file)
../Nios_bsp//libhal_bsp.a(alt_get_fd.o)
                              ../Nios_bsp//libhal_bsp.a(alt_open.o) (alt_get_fd)
../Nios_bsp//libhal_bsp.a(alt_instruction_exception_entry.o)
                              ../Nios_bsp//libhal_bsp.a(alt_exception_entry.o) (alt_instruction_exception_entry)
/home/gmore/intelFPGA/18.1/nios2eds/bin/gnu/H-x86_64-pc-linux-gnu/bin/../lib/gcc/nios2-elf/5.3.0/../../../../../H-x86_64-pc-linux-gnu/nios2-elf/lib/mno-hw-mul/libc.a(lib_a-atexit.o)
                              ../Nios_bsp//libhal_bsp.a(alt_main.o) (atexit)
/home/gmore/intelFPGA/18.1/nios2eds/bin/gnu/H-x86_64-pc-linux-gnu/bin/../lib/gcc/nios2-elf/5.3.0/../../../../../H-x86_64-pc-linux-gnu/nios2-elf/lib/mno-hw-mul/libc.a(lib_a-exit.o)
                              ../Nios_bsp//libhal_bsp.a(alt_main.o) (exit)
/home/gmore/intelFPGA/18.1/nios2eds/bin/gnu/H-x86_64-pc-linux-gnu/bin/../lib/gcc/nios2-elf/5.3.0/../../../../../H-x86_64-pc-linux-gnu/nios2-elf/lib/mno-hw-mul/libc.a(lib_a-impure.o)
                              /home/gmore/intelFPGA/18.1/nios2eds/bin/gnu/H-x86_64-pc-linux-gnu/bin/../lib/gcc/nios2-elf/5.3.0/../../../../../H-x86_64-pc-linux-gnu/nios2-elf/lib/mno-hw-mul/libc.a(lib_a-exit.o) (_global_impure_ptr)
/home/gmore/intelFPGA/18.1/nios2eds/bin/gnu/H-x86_64-pc-linux-gnu/bin/../lib/gcc/nios2-elf/5.3.0/../../../../../H-x86_64-pc-linux-gnu/nios2-elf/lib/mno-hw-mul/libc.a(lib_a-int_errno.o)
                              ../Nios_bsp//libhal_bsp.a(alt_close.o) (errno)
/home/gmore/intelFPGA/18.1/nios2eds/bin/gnu/H-x86_64-pc-linux-gnu/bin/../lib/gcc/nios2-elf/5.3.0/../../../../../H-x86_64-pc-linux-gnu/nios2-elf/lib/mno-hw-mul/libc.a(lib_a-memcmp.o)
                              ../Nios_bsp//libhal_bsp.a(alt_find_dev.o) (memcmp)
/home/gmore/intelFPGA/18.1/nios2eds/bin/gnu/H-x86_64-pc-linux-gnu/bin/../lib/gcc/nios2-elf/5.3.0/../../../../../H-x86_64-pc-linux-gnu/nios2-elf/lib/mno-hw-mul/libc.a(lib_a-strlen.o)
                              ../Nios_bsp//libhal_bsp.a(alt_find_dev.o) (strlen)
/home/gmore/intelFPGA/18.1/nios2eds/bin/gnu/H-x86_64-pc-linux-gnu/bin/../lib/gcc/nios2-elf/5.3.0/../../../../../H-x86_64-pc-linux-gnu/nios2-elf/lib/mno-hw-mul/libc.a(lib_a-__atexit.o)
                              /home/gmore/intelFPGA/18.1/nios2eds/bin/gnu/H-x86_64-pc-linux-gnu/bin/../lib/gcc/nios2-elf/5.3.0/../../../../../H-x86_64-pc-linux-gnu/nios2-elf/lib/mno-hw-mul/libc.a(lib_a-atexit.o) (__register_exitproc)
/home/gmore/intelFPGA/18.1/nios2eds/bin/gnu/H-x86_64-pc-linux-gnu/bin/../lib/gcc/nios2-elf/5.3.0/../../../../../H-x86_64-pc-linux-gnu/nios2-elf/lib/mno-hw-mul/libc.a(lib_a-__call_atexit.o)
                              /home/gmore/intelFPGA/18.1/nios2eds/bin/gnu/H-x86_64-pc-linux-gnu/bin/../lib/gcc/nios2-elf/5.3.0/../../../../../H-x86_64-pc-linux-gnu/nios2-elf/lib/mno-hw-mul/libc.a(lib_a-exit.o) (__call_exitprocs)
/home/gmore/intelFPGA/18.1/nios2eds/bin/gnu/H-x86_64-pc-linux-gnu/bin/../lib/gcc/nios2-elf/5.3.0/mno-hw-mul/libgcc.a(lib2-mul.o)
                              ../Nios_bsp//libhal_bsp.a(alt_close.o) (__mulsi3)
../Nios_bsp//libhal_bsp.a(alt_exit.o)
                              /home/gmore/intelFPGA/18.1/nios2eds/bin/gnu/H-x86_64-pc-linux-gnu/bin/../lib/gcc/nios2-elf/5.3.0/../../../../../H-x86_64-pc-linux-gnu/nios2-elf/lib/mno-hw-mul/libc.a(lib_a-exit.o) (_exit)

Allocating common symbols
Common symbol       size              file

alt_irq             0x100             ../Nios_bsp//libhal_bsp.a(alt_irq_handler.o)
edge_capture        0x4               obj/default/hello_world.o
errno               0x4               /home/gmore/intelFPGA/18.1/nios2eds/bin/gnu/H-x86_64-pc-linux-gnu/bin/../lib/gcc/nios2-elf/5.3.0/../../../../../H-x86_64-pc-linux-gnu/nios2-elf/lib/mno-hw-mul/libc.a(lib_a-int_errno.o)
counter             0x4               obj/default/hello_world.o
adder               0x4               obj/default/hello_world.o

Memory Configuration

Name             Origin             Length             Attributes
reset            0x0000000000008000 0x0000000000000020
onchip_memory2_0 0x0000000000008020 0x0000000000007fe0
*default*        0x0000000000000000 0xffffffffffffffff

Linker script and memory map

LOAD ../Nios_bsp//obj/HAL/src/crt0.o
LOAD obj/default/hello_world.o
LOAD /home/gmore/intelFPGA/18.1/nios2eds/bin/gnu/H-x86_64-pc-linux-gnu/bin/../lib/gcc/nios2-elf/5.3.0/../../../../../H-x86_64-pc-linux-gnu/nios2-elf/lib/mno-hw-mul/libstdc++.a
LOAD /home/gmore/intelFPGA/18.1/nios2eds/bin/gnu/H-x86_64-pc-linux-gnu/bin/../lib/gcc/nios2-elf/5.3.0/../../../../../H-x86_64-pc-linux-gnu/nios2-elf/lib/mno-hw-mul/libm.a
LOAD /home/gmore/intelFPGA/18.1/nios2eds/bin/gnu/H-x86_64-pc-linux-gnu/bin/../lib/gcc/nios2-elf/5.3.0/mno-hw-mul/libgcc.a
START GROUP
LOAD /home/gmore/intelFPGA/18.1/nios2eds/bin/gnu/H-x86_64-pc-linux-gnu/bin/../lib/gcc/nios2-elf/5.3.0/../../../../../H-x86_64-pc-linux-gnu/nios2-elf/lib/mno-hw-mul/libc.a
LOAD /home/gmore/intelFPGA/18.1/nios2eds/bin/gnu/H-x86_64-pc-linux-gnu/bin/../lib/gcc/nios2-elf/5.3.0/mno-hw-mul/libgcc.a
LOAD ../Nios_bsp//libhal_bsp.a
LOAD /home/gmore/intelFPGA/18.1/nios2eds/bin/gnu/H-x86_64-pc-linux-gnu/bin/../lib/gcc/nios2-elf/5.3.0/../../../../../H-x86_64-pc-linux-gnu/nios2-elf/lib/mno-hw-mul/libm.a
END GROUP
LOAD /home/gmore/intelFPGA/18.1/nios2eds/bin/gnu/H-x86_64-pc-linux-gnu/bin/../lib/gcc/nios2-elf/5.3.0/mno-hw-mul/libgcc.a
                0x0000000000008000                __alt_mem_onchip_memory2_0 = 0x8000

.entry          0x0000000000008000       0x20
 *(.entry)
 .entry         0x0000000000008000       0x20 ../Nios_bsp//obj/HAL/src/crt0.o
                0x0000000000008000                __reset

.exceptions     0x0000000000008020      0x210
                0x0000000000008020                PROVIDE (__ram_exceptions_start, ABSOLUTE (.))
                0x0000000000008020                . = ALIGN (0x20)
 *(.irq)
 *(.exceptions.entry.label)
 .exceptions.entry.label
                0x0000000000008020        0x0 ../Nios_bsp//libhal_bsp.a(alt_irq_entry.o)
                0x0000000000008020                alt_irq_entry
 .exceptions.entry.label
                0x0000000000008020        0x0 ../Nios_bsp//libhal_bsp.a(alt_exception_entry.o)
                0x0000000000008020                alt_exception
 *(.exceptions.entry.user)
 *(.exceptions.entry.ecc_fatal)
 *(.exceptions.entry)
 .exceptions.entry
                0x0000000000008020       0x54 ../Nios_bsp//libhal_bsp.a(alt_exception_entry.o)
 *(.exceptions.irqtest.user)
 *(.exceptions.irqtest)
 .exceptions.irqtest
                0x0000000000008074       0x10 ../Nios_bsp//libhal_bsp.a(alt_irq_entry.o)
 *(.exceptions.irqhandler.user)
 *(.exceptions.irqhandler)
 .exceptions.irqhandler
                0x0000000000008084        0x4 ../Nios_bsp//libhal_bsp.a(alt_irq_entry.o)
 *(.exceptions.irqreturn.user)
 *(.exceptions.irqreturn)
 .exceptions.irqreturn
                0x0000000000008088        0x4 ../Nios_bsp//libhal_bsp.a(alt_irq_entry.o)
 *(.exceptions.notirq.label)
 .exceptions.notirq.label
                0x000000000000808c        0x0 ../Nios_bsp//libhal_bsp.a(alt_irq_entry.o)
 *(.exceptions.notirq.user)
 *(.exceptions.notirq)
 .exceptions.notirq
                0x000000000000808c        0x8 ../Nios_bsp//libhal_bsp.a(alt_exception_entry.o)
 *(.exceptions.soft.user)
 *(.exceptions.soft)
 *(.exceptions.unknown.user)
 *(.exceptions.unknown)
 .exceptions.unknown
                0x0000000000008094       0x14 ../Nios_bsp//libhal_bsp.a(alt_exception_entry.o)
 *(.exceptions.exit.label)
 .exceptions.exit.label
                0x00000000000080a8        0x0 ../Nios_bsp//libhal_bsp.a(alt_irq_entry.o)
 .exceptions.exit.label
                0x00000000000080a8        0x0 ../Nios_bsp//libhal_bsp.a(alt_exception_entry.o)
 *(.exceptions.exit.user)
 *(.exceptions.exit)
 .exceptions.exit
                0x00000000000080a8       0x54 ../Nios_bsp//libhal_bsp.a(alt_exception_entry.o)
 *(.exceptions)
 .exceptions    0x00000000000080fc       0xd4 ../Nios_bsp//libhal_bsp.a(alt_irq_handler.o)
                0x00000000000080fc                alt_irq_handler
 .exceptions    0x00000000000081d0       0x60 ../Nios_bsp//libhal_bsp.a(alt_instruction_exception_entry.o)
                0x00000000000081d0                alt_instruction_exception_entry
                0x0000000000008230                PROVIDE (__ram_exceptions_end, ABSOLUTE (.))
                0x0000000000008020                PROVIDE (__flash_exceptions_start, LOADADDR (.exceptions))

.text           0x0000000000008230     0x1644
                [!provide]                        PROVIDE (stext, ABSOLUTE (.))
 *(.interp)
 *(.hash)
 *(.dynsym)
 *(.dynstr)
 *(.gnu.version)
 *(.gnu.version_d)
 *(.gnu.version_r)
 *(.rel.init)
 *(.rela.init)
 *(.rel.text .rel.text.* .rel.gnu.linkonce.t.*)
 *(.rela.text .rela.text.* .rela.gnu.linkonce.t.*)
 *(.rel.fini)
 *(.rela.fini)
 *(.rel.rodata .rel.rodata.* .rel.gnu.linkonce.r.*)
 *(.rela.rodata .rela.rodata.* .rela.gnu.linkonce.r.*)
 *(.rel.data .rel.data.* .rel.gnu.linkonce.d.*)
 *(.rela.data .rela.data.* .rela.gnu.linkonce.d.*)
 *(.rel.tdata .rel.tdata.* .rel.gnu.linkonce.td.*)
 *(.rela.tdata .rela.tdata.* .rela.gnu.linkonce.td.*)
 *(.rel.tbss .rel.tbss.* .rel.gnu.linkonce.tb.*)
 *(.rela.tbss .rela.tbss.* .rela.gnu.linkonce.tb.*)
 *(.rel.ctors)
 *(.rela.ctors)
 *(.rel.dtors)
 *(.rela.dtors)
 *(.rel.got)
 *(.rela.got)
 *(.rel.sdata .rel.sdata.* .rel.gnu.linkonce.s.*)
 *(.rela.sdata .rela.sdata.* .rela.gnu.linkonce.s.*)
 *(.rel.sbss .rel.sbss.* .rel.gnu.linkonce.sb.*)
 *(.rela.sbss .rela.sbss.* .rela.gnu.linkonce.sb.*)
 *(.rel.sdata2 .rel.sdata2.* .rel.gnu.linkonce.s2.*)
 *(.rela.sdata2 .rela.sdata2.* .rela.gnu.linkonce.s2.*)
 *(.rel.sbss2 .rel.sbss2.* .rel.gnu.linkonce.sb2.*)
 *(.rela.sbss2 .rela.sbss2.* .rela.gnu.linkonce.sb2.*)
 *(.rel.bss .rel.bss.* .rel.gnu.linkonce.b.*)
 *(.rela.bss .rela.bss.* .rela.gnu.linkonce.b.*)
 *(.rel.plt)
 *(.rela.plt)
 *(.rel.dyn)
 *(.init)
 *(.plt)
 *(.text .stub .text.* .gnu.linkonce.t.*)
 .text          0x0000000000008230       0x3c ../Nios_bsp//obj/HAL/src/crt0.o
                0x0000000000008230                _start
 .text          0x000000000000826c      0x148 obj/default/hello_world.o
                0x000000000000826c                main
                0x00000000000082e0                handle_button_interrupts
                0x0000000000008358                init_pio
 .text          0x00000000000083b4      0x180 ../Nios_bsp//libhal_bsp.a(alt_irq_register.o)
                0x00000000000083b4                alt_irq_register
 .text          0x0000000000008534        0x0 ../Nios_bsp//libhal_bsp.a(alt_irq_vars.o)
 .text          0x0000000000008534       0xec ../Nios_bsp//libhal_bsp.a(alt_load.o)
                0x000000000000859c                alt_load
 .text          0x0000000000008620       0x7c ../Nios_bsp//libhal_bsp.a(alt_main.o)
                0x0000000000008620                alt_main
 .text          0x000000000000869c       0xa0 ../Nios_bsp//libhal_bsp.a(alt_sys_init.o)
                0x00000000000086d0                alt_irq_init
                0x0000000000008708                alt_sys_init
 .text          0x000000000000873c       0xc0 ../Nios_bsp//libhal_bsp.a(altera_avalon_jtag_uart_fd.o)
                0x000000000000873c                altera_avalon_jtag_uart_read_fd
                0x000000000000879c                altera_avalon_jtag_uart_write_fd
 .text          0x00000000000087fc       0xec ../Nios_bsp//libhal_bsp.a(altera_avalon_jtag_uart_read.o)
                0x00000000000087fc                altera_avalon_jtag_uart_read
 .text          0x00000000000088e8       0x94 ../Nios_bsp//libhal_bsp.a(altera_avalon_jtag_uart_write.o)
                0x00000000000088e8                altera_avalon_jtag_uart_write
 .text          0x000000000000897c      0x114 ../Nios_bsp//libhal_bsp.a(alt_close.o)
                0x00000000000089b8                close
 .text          0x0000000000008a90       0x20 ../Nios_bsp//libhal_bsp.a(alt_dcache_flush_all.o)
                0x0000000000008a90                alt_dcache_flush_all
 .text          0x0000000000008ab0       0x2c ../Nios_bsp//libhal_bsp.a(alt_dev.o)
 .text          0x0000000000008adc       0xe0 ../Nios_bsp//libhal_bsp.a(alt_dev_llist_insert.o)
                0x0000000000008b18                alt_dev_llist_insert
 .text          0x0000000000008bbc       0x60 ../Nios_bsp//libhal_bsp.a(alt_do_ctors.o)
                0x0000000000008bbc                _do_ctors
 .text          0x0000000000008c1c       0x60 ../Nios_bsp//libhal_bsp.a(alt_do_dtors.o)
                0x0000000000008c1c                _do_dtors
 .text          0x0000000000008c7c        0x0 ../Nios_bsp//libhal_bsp.a(alt_errno.o)
 .text          0x0000000000008c7c       0x20 ../Nios_bsp//libhal_bsp.a(alt_icache_flush_all.o)
                0x0000000000008c7c                alt_icache_flush_all
 .text          0x0000000000008c9c      0x160 ../Nios_bsp//libhal_bsp.a(alt_io_redirect.o)
                0x0000000000008d80                alt_io_redirect
 .text          0x0000000000008dfc        0x0 ../Nios_bsp//libhal_bsp.a(alt_irq_entry.o)
 .text          0x0000000000008dfc        0x0 ../Nios_bsp//libhal_bsp.a(alt_irq_handler.o)
 .text          0x0000000000008dfc      0x284 ../Nios_bsp//libhal_bsp.a(alt_open.o)
                0x0000000000008f24                open
 .text          0x0000000000009080       0x84 ../Nios_bsp//libhal_bsp.a(alt_release_fd.o)
                0x0000000000009080                alt_release_fd
 .text          0x0000000000009104       0x24 ../Nios_bsp//libhal_bsp.a(altera_nios2_gen2_irq.o)
                0x0000000000009104                altera_nios2_gen2_irq_init
 .text          0x0000000000009128        0x0 ../Nios_bsp//libhal_bsp.a(alt_exception_entry.o)
 .text          0x0000000000009128       0x90 ../Nios_bsp//libhal_bsp.a(alt_find_dev.o)
                0x0000000000009128                alt_find_dev
 .text          0x00000000000091b8      0x108 ../Nios_bsp//libhal_bsp.a(alt_find_file.o)
                0x00000000000091b8                alt_find_file
 .text          0x00000000000092c0       0xc4 ../Nios_bsp//libhal_bsp.a(alt_get_fd.o)
                0x00000000000092c0                alt_get_fd
 .text          0x0000000000009384       0x9c ../Nios_bsp//libhal_bsp.a(alt_instruction_exception_entry.o)
                0x0000000000009384                alt_exception_cause_generated_bad_addr
 .text          0x0000000000009420        0x0 /home/gmore/intelFPGA/18.1/nios2eds/bin/gnu/H-x86_64-pc-linux-gnu/bin/../lib/gcc/nios2-elf/5.3.0/../../../../../H-x86_64-pc-linux-gnu/nios2-elf/lib/mno-hw-mul/libc.a(lib_a-atexit.o)
 .text.atexit   0x0000000000009420       0x14 /home/gmore/intelFPGA/18.1/nios2eds/bin/gnu/H-x86_64-pc-linux-gnu/bin/../lib/gcc/nios2-elf/5.3.0/../../../../../H-x86_64-pc-linux-gnu/nios2-elf/lib/mno-hw-mul/libc.a(lib_a-atexit.o)
                0x0000000000009420                atexit
 .text          0x0000000000009434        0x0 /home/gmore/intelFPGA/18.1/nios2eds/bin/gnu/H-x86_64-pc-linux-gnu/bin/../lib/gcc/nios2-elf/5.3.0/../../../../../H-x86_64-pc-linux-gnu/nios2-elf/lib/mno-hw-mul/libc.a(lib_a-exit.o)
 .text.exit     0x0000000000009434       0x38 /home/gmore/intelFPGA/18.1/nios2eds/bin/gnu/H-x86_64-pc-linux-gnu/bin/../lib/gcc/nios2-elf/5.3.0/../../../../../H-x86_64-pc-linux-gnu/nios2-elf/lib/mno-hw-mul/libc.a(lib_a-exit.o)
                0x0000000000009434                exit
 .text          0x000000000000946c        0x0 /home/gmore/intelFPGA/18.1/nios2eds/bin/gnu/H-x86_64-pc-linux-gnu/bin/../lib/gcc/nios2-elf/5.3.0/../../../../../H-x86_64-pc-linux-gnu/nios2-elf/lib/mno-hw-mul/libc.a(lib_a-impure.o)
 .text          0x000000000000946c        0x0 /home/gmore/intelFPGA/18.1/nios2eds/bin/gnu/H-x86_64-pc-linux-gnu/bin/../lib/gcc/nios2-elf/5.3.0/../../../../../H-x86_64-pc-linux-gnu/nios2-elf/lib/mno-hw-mul/libc.a(lib_a-int_errno.o)
 .text          0x000000000000946c        0x0 /home/gmore/intelFPGA/18.1/nios2eds/bin/gnu/H-x86_64-pc-linux-gnu/bin/../lib/gcc/nios2-elf/5.3.0/../../../../../H-x86_64-pc-linux-gnu/nios2-elf/lib/mno-hw-mul/libc.a(lib_a-memcmp.o)
 .text.memcmp   0x000000000000946c       0x7c /home/gmore/intelFPGA/18.1/nios2eds/bin/gnu/H-x86_64-pc-linux-gnu/bin/../lib/gcc/nios2-elf/5.3.0/../../../../../H-x86_64-pc-linux-gnu/nios2-elf/lib/mno-hw-mul/libc.a(lib_a-memcmp.o)
                0x000000000000946c                memcmp
 .text          0x00000000000094e8        0x0 /home/gmore/intelFPGA/18.1/nios2eds/bin/gnu/H-x86_64-pc-linux-gnu/bin/../lib/gcc/nios2-elf/5.3.0/../../../../../H-x86_64-pc-linux-gnu/nios2-elf/lib/mno-hw-mul/libc.a(lib_a-strlen.o)
 .text.strlen   0x00000000000094e8       0x98 /home/gmore/intelFPGA/18.1/nios2eds/bin/gnu/H-x86_64-pc-linux-gnu/bin/../lib/gcc/nios2-elf/5.3.0/../../../../../H-x86_64-pc-linux-gnu/nios2-elf/lib/mno-hw-mul/libc.a(lib_a-strlen.o)
                0x00000000000094e8                strlen
 .text          0x0000000000009580        0x0 /home/gmore/intelFPGA/18.1/nios2eds/bin/gnu/H-x86_64-pc-linux-gnu/bin/../lib/gcc/nios2-elf/5.3.0/../../../../../H-x86_64-pc-linux-gnu/nios2-elf/lib/mno-hw-mul/libc.a(lib_a-__atexit.o)
 .text.__register_exitproc
                0x0000000000009580      0x118 /home/gmore/intelFPGA/18.1/nios2eds/bin/gnu/H-x86_64-pc-linux-gnu/bin/../lib/gcc/nios2-elf/5.3.0/../../../../../H-x86_64-pc-linux-gnu/nios2-elf/lib/mno-hw-mul/libc.a(lib_a-__atexit.o)
                0x0000000000009580                __register_exitproc
 .text          0x0000000000009698        0x0 /home/gmore/intelFPGA/18.1/nios2eds/bin/gnu/H-x86_64-pc-linux-gnu/bin/../lib/gcc/nios2-elf/5.3.0/../../../../../H-x86_64-pc-linux-gnu/nios2-elf/lib/mno-hw-mul/libc.a(lib_a-__call_atexit.o)
 .text.__call_exitprocs
                0x0000000000009698      0x180 /home/gmore/intelFPGA/18.1/nios2eds/bin/gnu/H-x86_64-pc-linux-gnu/bin/../lib/gcc/nios2-elf/5.3.0/../../../../../H-x86_64-pc-linux-gnu/nios2-elf/lib/mno-hw-mul/libc.a(lib_a-__call_atexit.o)
                0x0000000000009698                __call_exitprocs
 .text          0x0000000000009818       0x28 /home/gmore/intelFPGA/18.1/nios2eds/bin/gnu/H-x86_64-pc-linux-gnu/bin/../lib/gcc/nios2-elf/5.3.0/mno-hw-mul/libgcc.a(lib2-mul.o)
                0x0000000000009818                __mulsi3
 .text          0x0000000000009840       0x34 ../Nios_bsp//libhal_bsp.a(alt_exit.o)
                0x0000000000009840                _exit
 *(.gnu.warning.*)
 *(.fini)
                [!provide]                        PROVIDE (__etext, ABSOLUTE (.))
                [!provide]                        PROVIDE (_etext, ABSOLUTE (.))
                [!provide]                        PROVIDE (etext, ABSOLUTE (.))
 *(.eh_frame_hdr)
                0x0000000000009874                . = ALIGN (0x4)
                [!provide]                        PROVIDE (__preinit_array_start, ABSOLUTE (.))
 *(.preinit_array)
                [!provide]                        PROVIDE (__preinit_array_end, ABSOLUTE (.))
                [!provide]                        PROVIDE (__init_array_start, ABSOLUTE (.))
 *(.init_array)
                [!provide]                        PROVIDE (__init_array_end, ABSOLUTE (.))
                [!provide]                        PROVIDE (__fini_array_start, ABSOLUTE (.))
 *(.fini_array)
                [!provide]                        PROVIDE (__fini_array_end, ABSOLUTE (.))
 *(.eh_frame)
 *(.gcc_except_table .gcc_except_table.*)
 *(.dynamic)
                0x0000000000009874                PROVIDE (__CTOR_LIST__, ABSOLUTE (.))
 *(.ctors)
 *(SORT(.ctors.*))
                0x0000000000009874                PROVIDE (__CTOR_END__, ABSOLUTE (.))
                0x0000000000009874                PROVIDE (__DTOR_LIST__, ABSOLUTE (.))
 *(.dtors)
 *(SORT(.dtors.*))
                0x0000000000009874                PROVIDE (__DTOR_END__, ABSOLUTE (.))
 *(.jcr)
                0x0000000000009874                . = ALIGN (0x4)

.rodata         0x0000000000009874       0x38
                0x0000000000009874                PROVIDE (__ram_rodata_start, ABSOLUTE (.))
                0x0000000000009874                . = ALIGN (0x4)
 *(.rodata .rodata.* .gnu.linkonce.r.*)
 .rodata        0x0000000000009874       0x11 ../Nios_bsp//libhal_bsp.a(alt_main.o)
 *fill*         0x0000000000009885        0x3 
 .rodata        0x0000000000009888       0x11 ../Nios_bsp//libhal_bsp.a(alt_sys_init.o)
 *fill*         0x0000000000009899        0x3 
 .rodata        0x000000000000989c        0xa ../Nios_bsp//libhal_bsp.a(alt_dev.o)
 *fill*         0x00000000000098a6        0x2 
 .rodata.str1.4
                0x00000000000098a8        0x4 /home/gmore/intelFPGA/18.1/nios2eds/bin/gnu/H-x86_64-pc-linux-gnu/bin/../lib/gcc/nios2-elf/5.3.0/../../../../../H-x86_64-pc-linux-gnu/nios2-elf/lib/mno-hw-mul/libc.a(lib_a-impure.o)
                                          0x2 (size before relaxing)
 *(.rodata1)
                0x00000000000098ac                . = ALIGN (0x4)
                0x00000000000098ac                PROVIDE (__ram_rodata_end, ABSOLUTE (.))
                0x0000000000009874                PROVIDE (__flash_rodata_start, LOADADDR (.rodata))

.rwdata         0x00000000000098ac      0x61c load address 0x0000000000009ec8
                0x00000000000098ac                PROVIDE (__ram_rwdata_start, ABSOLUTE (.))
                0x00000000000098ac                . = ALIGN (0x4)
 *(.got.plt)
 *(.got)
 *(.data1)
 *(.data .data.* .gnu.linkonce.d.*)
 .data          0x00000000000098ac        0x0 ../Nios_bsp//obj/HAL/src/crt0.o
 .data          0x00000000000098ac        0x0 obj/default/hello_world.o
 .data          0x00000000000098ac        0x0 ../Nios_bsp//libhal_bsp.a(alt_irq_register.o)
 .data          0x00000000000098ac        0x0 ../Nios_bsp//libhal_bsp.a(alt_irq_vars.o)
 .data          0x00000000000098ac        0x0 ../Nios_bsp//libhal_bsp.a(alt_load.o)
 .data          0x00000000000098ac        0x0 ../Nios_bsp//libhal_bsp.a(alt_main.o)
 .data          0x00000000000098ac       0x2c ../Nios_bsp//libhal_bsp.a(alt_sys_init.o)
 .data          0x00000000000098d8        0x0 ../Nios_bsp//libhal_bsp.a(altera_avalon_jtag_uart_fd.o)
 .data          0x00000000000098d8        0x0 ../Nios_bsp//libhal_bsp.a(altera_avalon_jtag_uart_read.o)
 .data          0x00000000000098d8        0x0 ../Nios_bsp//libhal_bsp.a(altera_avalon_jtag_uart_write.o)
 .data          0x00000000000098d8        0x0 ../Nios_bsp//libhal_bsp.a(alt_close.o)
 .data          0x00000000000098d8        0x0 ../Nios_bsp//libhal_bsp.a(alt_dcache_flush_all.o)
 .data          0x00000000000098d8      0x1a8 ../Nios_bsp//libhal_bsp.a(alt_dev.o)
                0x00000000000098d8                alt_dev_null
                0x0000000000009900                alt_fd_list
 .data          0x0000000000009a80        0x0 ../Nios_bsp//libhal_bsp.a(alt_dev_llist_insert.o)
 .data          0x0000000000009a80        0x0 ../Nios_bsp//libhal_bsp.a(alt_do_ctors.o)
 .data          0x0000000000009a80        0x0 ../Nios_bsp//libhal_bsp.a(alt_do_dtors.o)
 .data          0x0000000000009a80        0x0 ../Nios_bsp//libhal_bsp.a(alt_errno.o)
 .data          0x0000000000009a80        0x0 ../Nios_bsp//libhal_bsp.a(alt_icache_flush_all.o)
 .data          0x0000000000009a80        0x0 ../Nios_bsp//libhal_bsp.a(alt_io_redirect.o)
 .data          0x0000000000009a80        0x0 ../Nios_bsp//libhal_bsp.a(alt_irq_entry.o)
 .data          0x0000000000009a80        0x0 ../Nios_bsp//libhal_bsp.a(alt_irq_handler.o)
 .data          0x0000000000009a80        0x0 ../Nios_bsp//libhal_bsp.a(alt_open.o)
 .data          0x0000000000009a80        0x0 ../Nios_bsp//libhal_bsp.a(alt_release_fd.o)
 .data          0x0000000000009a80        0x0 ../Nios_bsp//libhal_bsp.a(altera_nios2_gen2_irq.o)
 .data          0x0000000000009a80        0x0 ../Nios_bsp//libhal_bsp.a(alt_exception_entry.o)
 .data          0x0000000000009a80        0x0 ../Nios_bsp//libhal_bsp.a(alt_find_dev.o)
 .data          0x0000000000009a80        0x0 ../Nios_bsp//libhal_bsp.a(alt_find_file.o)
 .data          0x0000000000009a80        0x0 ../Nios_bsp//libhal_bsp.a(alt_get_fd.o)
 .data          0x0000000000009a80        0x0 ../Nios_bsp//libhal_bsp.a(alt_instruction_exception_entry.o)
 .data          0x0000000000009a80        0x0 /home/gmore/intelFPGA/18.1/nios2eds/bin/gnu/H-x86_64-pc-linux-gnu/bin/../lib/gcc/nios2-elf/5.3.0/../../../../../H-x86_64-pc-linux-gnu/nios2-elf/lib/mno-hw-mul/libc.a(lib_a-atexit.o)
 .data          0x0000000000009a80        0x0 /home/gmore/intelFPGA/18.1/nios2eds/bin/gnu/H-x86_64-pc-linux-gnu/bin/../lib/gcc/nios2-elf/5.3.0/../../../../../H-x86_64-pc-linux-gnu/nios2-elf/lib/mno-hw-mul/libc.a(lib_a-exit.o)
 .data          0x0000000000009a80        0x0 /home/gmore/intelFPGA/18.1/nios2eds/bin/gnu/H-x86_64-pc-linux-gnu/bin/../lib/gcc/nios2-elf/5.3.0/../../../../../H-x86_64-pc-linux-gnu/nios2-elf/lib/mno-hw-mul/libc.a(lib_a-impure.o)
 .data.impure_data
                0x0000000000009a80      0x424 /home/gmore/intelFPGA/18.1/nios2eds/bin/gnu/H-x86_64-pc-linux-gnu/bin/../lib/gcc/nios2-elf/5.3.0/../../../../../H-x86_64-pc-linux-gnu/nios2-elf/lib/mno-hw-mul/libc.a(lib_a-impure.o)
 .data          0x0000000000009ea4        0x0 /home/gmore/intelFPGA/18.1/nios2eds/bin/gnu/H-x86_64-pc-linux-gnu/bin/../lib/gcc/nios2-elf/5.3.0/../../../../../H-x86_64-pc-linux-gnu/nios2-elf/lib/mno-hw-mul/libc.a(lib_a-int_errno.o)
 .data          0x0000000000009ea4        0x0 /home/gmore/intelFPGA/18.1/nios2eds/bin/gnu/H-x86_64-pc-linux-gnu/bin/../lib/gcc/nios2-elf/5.3.0/../../../../../H-x86_64-pc-linux-gnu/nios2-elf/lib/mno-hw-mul/libc.a(lib_a-memcmp.o)
 .data          0x0000000000009ea4        0x0 /home/gmore/intelFPGA/18.1/nios2eds/bin/gnu/H-x86_64-pc-linux-gnu/bin/../lib/gcc/nios2-elf/5.3.0/../../../../../H-x86_64-pc-linux-gnu/nios2-elf/lib/mno-hw-mul/libc.a(lib_a-strlen.o)
 .data          0x0000000000009ea4        0x0 /home/gmore/intelFPGA/18.1/nios2eds/bin/gnu/H-x86_64-pc-linux-gnu/bin/../lib/gcc/nios2-elf/5.3.0/../../../../../H-x86_64-pc-linux-gnu/nios2-elf/lib/mno-hw-mul/libc.a(lib_a-__atexit.o)
 .data          0x0000000000009ea4        0x0 /home/gmore/intelFPGA/18.1/nios2eds/bin/gnu/H-x86_64-pc-linux-gnu/bin/../lib/gcc/nios2-elf/5.3.0/../../../../../H-x86_64-pc-linux-gnu/nios2-elf/lib/mno-hw-mul/libc.a(lib_a-__call_atexit.o)
 .data          0x0000000000009ea4        0x0 /home/gmore/intelFPGA/18.1/nios2eds/bin/gnu/H-x86_64-pc-linux-gnu/bin/../lib/gcc/nios2-elf/5.3.0/mno-hw-mul/libgcc.a(lib2-mul.o)
 .data          0x0000000000009ea4        0x0 ../Nios_bsp//libhal_bsp.a(alt_exit.o)
                0x0000000000011ea4                _gp = ABSOLUTE ((. + 0x8000))
                [!provide]                        PROVIDE (gp, _gp)
 *(.rwdata .rwdata.*)
 *(.sdata .sdata.* .gnu.linkonce.s.*)
 .sdata         0x0000000000009ea4        0x4 ../Nios_bsp//libhal_bsp.a(alt_irq_vars.o)
                0x0000000000009ea4                alt_priority_mask
 .sdata         0x0000000000009ea8       0x14 ../Nios_bsp//libhal_bsp.a(alt_dev.o)
                0x0000000000009ea8                alt_fs_list
                0x0000000000009eb0                alt_dev_list
                0x0000000000009eb8                alt_max_fd
 .sdata         0x0000000000009ebc        0x4 ../Nios_bsp//libhal_bsp.a(alt_errno.o)
                0x0000000000009ebc                alt_errno
 .sdata._global_impure_ptr
                0x0000000000009ec0        0x4 /home/gmore/intelFPGA/18.1/nios2eds/bin/gnu/H-x86_64-pc-linux-gnu/bin/../lib/gcc/nios2-elf/5.3.0/../../../../../H-x86_64-pc-linux-gnu/nios2-elf/lib/mno-hw-mul/libc.a(lib_a-impure.o)
                0x0000000000009ec0                _global_impure_ptr
 .sdata._impure_ptr
                0x0000000000009ec4        0x4 /home/gmore/intelFPGA/18.1/nios2eds/bin/gnu/H-x86_64-pc-linux-gnu/bin/../lib/gcc/nios2-elf/5.3.0/../../../../../H-x86_64-pc-linux-gnu/nios2-elf/lib/mno-hw-mul/libc.a(lib_a-impure.o)
                0x0000000000009ec4                _impure_ptr
 *(.sdata2 .sdata2.* .gnu.linkonce.s2.*)
                0x0000000000009ec8                . = ALIGN (0x4)
                0x0000000000009ec8                _edata = ABSOLUTE (.)
                [!provide]                        PROVIDE (edata, ABSOLUTE (.))
                0x0000000000009ec8                PROVIDE (__ram_rwdata_end, ABSOLUTE (.))
                0x0000000000009ec8                PROVIDE (__flash_rwdata_start, LOADADDR (.rwdata))

.bss            0x000000000000a4e4      0x12c
                0x000000000000a4e4                __bss_start = ABSOLUTE (.)
                [!provide]                        PROVIDE (__sbss_start, ABSOLUTE (.))
                [!provide]                        PROVIDE (___sbss_start, ABSOLUTE (.))
 *(.dynsbss)
 *(.sbss .sbss.* .gnu.linkonce.sb.*)
 .sbss          0x000000000000a4e4        0x8 obj/default/hello_world.o
                0x000000000000a4e4                n
                0x000000000000a4e8                on
 .sbss          0x000000000000a4ec        0xc obj/default/hello_world.o
                0x000000000000a4ec                edge_capture
                0x000000000000a4f0                counter
                0x000000000000a4f4                adder
 .sbss          0x000000000000a4f8        0x4 ../Nios_bsp//libhal_bsp.a(alt_irq_vars.o)
                0x000000000000a4f8                alt_irq_active
 .sbss          0x000000000000a4fc        0xc ../Nios_bsp//libhal_bsp.a(alt_main.o)
                0x000000000000a4fc                alt_argc
                0x000000000000a500                alt_argv
                0x000000000000a504                alt_envp
 .sbss          0x000000000000a508        0x4 ../Nios_bsp//libhal_bsp.a(alt_instruction_exception_entry.o)
                0x000000000000a508                alt_instruction_exception_handler
 .sbss          0x000000000000a50c        0x4 /home/gmore/intelFPGA/18.1/nios2eds/bin/gnu/H-x86_64-pc-linux-gnu/bin/../lib/gcc/nios2-elf/5.3.0/../../../../../H-x86_64-pc-linux-gnu/nios2-elf/lib/mno-hw-mul/libc.a(lib_a-int_errno.o)
                0x000000000000a50c                errno
 *(.sbss2 .sbss2.* .gnu.linkonce.sb2.*)
 *(.scommon)
                [!provide]                        PROVIDE (__sbss_end, ABSOLUTE (.))
                [!provide]                        PROVIDE (___sbss_end, ABSOLUTE (.))
 *(.dynbss)
 *(.bss .bss.* .gnu.linkonce.b.*)
 .bss           0x000000000000a510        0x0 ../Nios_bsp//obj/HAL/src/crt0.o
 .bss           0x000000000000a510        0x0 obj/default/hello_world.o
 .bss           0x000000000000a510        0x0 ../Nios_bsp//libhal_bsp.a(alt_irq_register.o)
 .bss           0x000000000000a510        0x0 ../Nios_bsp//libhal_bsp.a(alt_irq_vars.o)
 .bss           0x000000000000a510        0x0 ../Nios_bsp//libhal_bsp.a(alt_load.o)
 .bss           0x000000000000a510        0x0 ../Nios_bsp//libhal_bsp.a(alt_main.o)
 .bss           0x000000000000a510        0x0 ../Nios_bsp//libhal_bsp.a(alt_sys_init.o)
 .bss           0x000000000000a510        0x0 ../Nios_bsp//libhal_bsp.a(altera_avalon_jtag_uart_fd.o)
 .bss           0x000000000000a510        0x0 ../Nios_bsp//libhal_bsp.a(altera_avalon_jtag_uart_read.o)
 .bss           0x000000000000a510        0x0 ../Nios_bsp//libhal_bsp.a(altera_avalon_jtag_uart_write.o)
 .bss           0x000000000000a510        0x0 ../Nios_bsp//libhal_bsp.a(alt_close.o)
 .bss           0x000000000000a510        0x0 ../Nios_bsp//libhal_bsp.a(alt_dcache_flush_all.o)
 .bss           0x000000000000a510        0x0 ../Nios_bsp//libhal_bsp.a(alt_dev.o)
 .bss           0x000000000000a510        0x0 ../Nios_bsp//libhal_bsp.a(alt_dev_llist_insert.o)
 .bss           0x000000000000a510        0x0 ../Nios_bsp//libhal_bsp.a(alt_do_ctors.o)
 .bss           0x000000000000a510        0x0 ../Nios_bsp//libhal_bsp.a(alt_do_dtors.o)
 .bss           0x000000000000a510        0x0 ../Nios_bsp//libhal_bsp.a(alt_errno.o)
 .bss           0x000000000000a510        0x0 ../Nios_bsp//libhal_bsp.a(alt_icache_flush_all.o)
 .bss           0x000000000000a510        0x0 ../Nios_bsp//libhal_bsp.a(alt_io_redirect.o)
 .bss           0x000000000000a510        0x0 ../Nios_bsp//libhal_bsp.a(alt_irq_entry.o)
 .bss           0x000000000000a510        0x0 ../Nios_bsp//libhal_bsp.a(alt_irq_handler.o)
 .bss           0x000000000000a510        0x0 ../Nios_bsp//libhal_bsp.a(alt_open.o)
 .bss           0x000000000000a510        0x0 ../Nios_bsp//libhal_bsp.a(alt_release_fd.o)
 .bss           0x000000000000a510        0x0 ../Nios_bsp//libhal_bsp.a(altera_nios2_gen2_irq.o)
 .bss           0x000000000000a510        0x0 ../Nios_bsp//libhal_bsp.a(alt_exception_entry.o)
 .bss           0x000000000000a510        0x0 ../Nios_bsp//libhal_bsp.a(alt_find_dev.o)
 .bss           0x000000000000a510        0x0 ../Nios_bsp//libhal_bsp.a(alt_find_file.o)
 .bss           0x000000000000a510        0x0 ../Nios_bsp//libhal_bsp.a(alt_get_fd.o)
 .bss           0x000000000000a510        0x0 ../Nios_bsp//libhal_bsp.a(alt_instruction_exception_entry.o)
 .bss           0x000000000000a510        0x0 /home/gmore/intelFPGA/18.1/nios2eds/bin/gnu/H-x86_64-pc-linux-gnu/bin/../lib/gcc/nios2-elf/5.3.0/../../../../../H-x86_64-pc-linux-gnu/nios2-elf/lib/mno-hw-mul/libc.a(lib_a-atexit.o)
 .bss           0x000000000000a510        0x0 /home/gmore/intelFPGA/18.1/nios2eds/bin/gnu/H-x86_64-pc-linux-gnu/bin/../lib/gcc/nios2-elf/5.3.0/../../../../../H-x86_64-pc-linux-gnu/nios2-elf/lib/mno-hw-mul/libc.a(lib_a-exit.o)
 .bss           0x000000000000a510        0x0 /home/gmore/intelFPGA/18.1/nios2eds/bin/gnu/H-x86_64-pc-linux-gnu/bin/../lib/gcc/nios2-elf/5.3.0/../../../../../H-x86_64-pc-linux-gnu/nios2-elf/lib/mno-hw-mul/libc.a(lib_a-impure.o)
 .bss           0x000000000000a510        0x0 /home/gmore/intelFPGA/18.1/nios2eds/bin/gnu/H-x86_64-pc-linux-gnu/bin/../lib/gcc/nios2-elf/5.3.0/../../../../../H-x86_64-pc-linux-gnu/nios2-elf/lib/mno-hw-mul/libc.a(lib_a-int_errno.o)
 .bss           0x000000000000a510        0x0 /home/gmore/intelFPGA/18.1/nios2eds/bin/gnu/H-x86_64-pc-linux-gnu/bin/../lib/gcc/nios2-elf/5.3.0/../../../../../H-x86_64-pc-linux-gnu/nios2-elf/lib/mno-hw-mul/libc.a(lib_a-memcmp.o)
 .bss           0x000000000000a510        0x0 /home/gmore/intelFPGA/18.1/nios2eds/bin/gnu/H-x86_64-pc-linux-gnu/bin/../lib/gcc/nios2-elf/5.3.0/../../../../../H-x86_64-pc-linux-gnu/nios2-elf/lib/mno-hw-mul/libc.a(lib_a-strlen.o)
 .bss           0x000000000000a510        0x0 /home/gmore/intelFPGA/18.1/nios2eds/bin/gnu/H-x86_64-pc-linux-gnu/bin/../lib/gcc/nios2-elf/5.3.0/../../../../../H-x86_64-pc-linux-gnu/nios2-elf/lib/mno-hw-mul/libc.a(lib_a-__atexit.o)
 .bss           0x000000000000a510        0x0 /home/gmore/intelFPGA/18.1/nios2eds/bin/gnu/H-x86_64-pc-linux-gnu/bin/../lib/gcc/nios2-elf/5.3.0/../../../../../H-x86_64-pc-linux-gnu/nios2-elf/lib/mno-hw-mul/libc.a(lib_a-__call_atexit.o)
 .bss           0x000000000000a510        0x0 /home/gmore/intelFPGA/18.1/nios2eds/bin/gnu/H-x86_64-pc-linux-gnu/bin/../lib/gcc/nios2-elf/5.3.0/mno-hw-mul/libgcc.a(lib2-mul.o)
 .bss           0x000000000000a510        0x0 ../Nios_bsp//libhal_bsp.a(alt_exit.o)
 *(COMMON)
 COMMON         0x000000000000a510      0x100 ../Nios_bsp//libhal_bsp.a(alt_irq_handler.o)
                0x000000000000a510                alt_irq
                0x000000000000a610                . = ALIGN (0x4)
                0x000000000000a610                __bss_end = ABSOLUTE (.)

.onchip_memory2_0
                0x000000000000a610        0x0
                [!provide]                        PROVIDE (_alt_partition_onchip_memory2_0_start, ABSOLUTE (.))
 *(.onchip_memory2_0 .onchip_memory2_0. onchip_memory2_0.*)
                0x000000000000a610                . = ALIGN (0x4)
                [!provide]                        PROVIDE (_alt_partition_onchip_memory2_0_end, ABSOLUTE (.))
                0x000000000000a610                _end = ABSOLUTE (.)
                0x000000000000a610                end = ABSOLUTE (.)
                0x000000000000a610                __alt_stack_base = ABSOLUTE (.)
                [!provide]                        PROVIDE (_alt_partition_onchip_memory2_0_load_addr, LOADADDR (.onchip_memory2_0))

.stab
 *(.stab)

.stabstr
 *(.stabstr)

.stab.excl
 *(.stab.excl)

.stab.exclstr
 *(.stab.exclstr)

.stab.index
 *(.stab.index)

.stab.indexstr
 *(.stab.indexstr)

.comment        0x0000000000000000       0x23
 *(.comment)
 .comment       0x0000000000000000       0x23 obj/default/hello_world.o
                                         0x24 (size before relaxing)
 .comment       0x0000000000000023       0x24 ../Nios_bsp//libhal_bsp.a(alt_irq_register.o)
 .comment       0x0000000000000023       0x24 ../Nios_bsp//libhal_bsp.a(alt_irq_vars.o)
 .comment       0x0000000000000023       0x24 ../Nios_bsp//libhal_bsp.a(alt_load.o)
 .comment       0x0000000000000023       0x24 ../Nios_bsp//libhal_bsp.a(alt_main.o)
 .comment       0x0000000000000023       0x24 ../Nios_bsp//libhal_bsp.a(alt_sys_init.o)
 .comment       0x0000000000000023       0x24 ../Nios_bsp//libhal_bsp.a(altera_avalon_jtag_uart_fd.o)
 .comment       0x0000000000000023       0x24 ../Nios_bsp//libhal_bsp.a(altera_avalon_jtag_uart_read.o)
 .comment       0x0000000000000023       0x24 ../Nios_bsp//libhal_bsp.a(altera_avalon_jtag_uart_write.o)
 .comment       0x0000000000000023       0x24 ../Nios_bsp//libhal_bsp.a(alt_close.o)
 .comment       0x0000000000000023       0x24 ../Nios_bsp//libhal_bsp.a(alt_dcache_flush_all.o)
 .comment       0x0000000000000023       0x24 ../Nios_bsp//libhal_bsp.a(alt_dev.o)
 .comment       0x0000000000000023       0x24 ../Nios_bsp//libhal_bsp.a(alt_dev_llist_insert.o)
 .comment       0x0000000000000023       0x24 ../Nios_bsp//libhal_bsp.a(alt_do_ctors.o)
 .comment       0x0000000000000023       0x24 ../Nios_bsp//libhal_bsp.a(alt_do_dtors.o)
 .comment       0x0000000000000023       0x24 ../Nios_bsp//libhal_bsp.a(alt_errno.o)
 .comment       0x0000000000000023       0x24 ../Nios_bsp//libhal_bsp.a(alt_icache_flush_all.o)
 .comment       0x0000000000000023       0x24 ../Nios_bsp//libhal_bsp.a(alt_io_redirect.o)
 .comment       0x0000000000000023       0x24 ../Nios_bsp//libhal_bsp.a(alt_irq_handler.o)
 .comment       0x0000000000000023       0x24 ../Nios_bsp//libhal_bsp.a(alt_open.o)
 .comment       0x0000000000000023       0x24 ../Nios_bsp//libhal_bsp.a(alt_release_fd.o)
 .comment       0x0000000000000023       0x24 ../Nios_bsp//libhal_bsp.a(altera_nios2_gen2_irq.o)
 .comment       0x0000000000000023       0x24 ../Nios_bsp//libhal_bsp.a(alt_find_dev.o)
 .comment       0x0000000000000023       0x24 ../Nios_bsp//libhal_bsp.a(alt_find_file.o)
 .comment       0x0000000000000023       0x24 ../Nios_bsp//libhal_bsp.a(alt_get_fd.o)
 .comment       0x0000000000000023       0x24 ../Nios_bsp//libhal_bsp.a(alt_instruction_exception_entry.o)
 .comment       0x0000000000000023       0x24 /home/gmore/intelFPGA/18.1/nios2eds/bin/gnu/H-x86_64-pc-linux-gnu/bin/../lib/gcc/nios2-elf/5.3.0/../../../../../H-x86_64-pc-linux-gnu/nios2-elf/lib/mno-hw-mul/libc.a(lib_a-atexit.o)
 .comment       0x0000000000000023       0x24 /home/gmore/intelFPGA/18.1/nios2eds/bin/gnu/H-x86_64-pc-linux-gnu/bin/../lib/gcc/nios2-elf/5.3.0/../../../../../H-x86_64-pc-linux-gnu/nios2-elf/lib/mno-hw-mul/libc.a(lib_a-exit.o)
 .comment       0x0000000000000023       0x24 /home/gmore/intelFPGA/18.1/nios2eds/bin/gnu/H-x86_64-pc-linux-gnu/bin/../lib/gcc/nios2-elf/5.3.0/../../../../../H-x86_64-pc-linux-gnu/nios2-elf/lib/mno-hw-mul/libc.a(lib_a-impure.o)
 .comment       0x0000000000000023       0x24 /home/gmore/intelFPGA/18.1/nios2eds/bin/gnu/H-x86_64-pc-linux-gnu/bin/../lib/gcc/nios2-elf/5.3.0/../../../../../H-x86_64-pc-linux-gnu/nios2-elf/lib/mno-hw-mul/libc.a(lib_a-int_errno.o)
 .comment       0x0000000000000023       0x24 /home/gmore/intelFPGA/18.1/nios2eds/bin/gnu/H-x86_64-pc-linux-gnu/bin/../lib/gcc/nios2-elf/5.3.0/../../../../../H-x86_64-pc-linux-gnu/nios2-elf/lib/mno-hw-mul/libc.a(lib_a-memcmp.o)
 .comment       0x0000000000000023       0x24 /home/gmore/intelFPGA/18.1/nios2eds/bin/gnu/H-x86_64-pc-linux-gnu/bin/../lib/gcc/nios2-elf/5.3.0/../../../../../H-x86_64-pc-linux-gnu/nios2-elf/lib/mno-hw-mul/libc.a(lib_a-strlen.o)
 .comment       0x0000000000000023       0x24 /home/gmore/intelFPGA/18.1/nios2eds/bin/gnu/H-x86_64-pc-linux-gnu/bin/../lib/gcc/nios2-elf/5.3.0/../../../../../H-x86_64-pc-linux-gnu/nios2-elf/lib/mno-hw-mul/libc.a(lib_a-__atexit.o)
 .comment       0x0000000000000023       0x24 /home/gmore/intelFPGA/18.1/nios2eds/bin/gnu/H-x86_64-pc-linux-gnu/bin/../lib/gcc/nios2-elf/5.3.0/../../../../../H-x86_64-pc-linux-gnu/nios2-elf/lib/mno-hw-mul/libc.a(lib_a-__call_atexit.o)
 .comment       0x0000000000000023       0x24 /home/gmore/intelFPGA/18.1/nios2eds/bin/gnu/H-x86_64-pc-linux-gnu/bin/../lib/gcc/nios2-elf/5.3.0/mno-hw-mul/libgcc.a(lib2-mul.o)
 .comment       0x0000000000000023       0x24 ../Nios_bsp//libhal_bsp.a(alt_exit.o)

.debug
 *(.debug)

.line
 *(.line)

.debug_srcinfo
 *(.debug_srcinfo)

.debug_sfnames
 *(.debug_sfnames)

.debug_aranges  0x0000000000000000      0x4f8
 *(.debug_aranges)
 .debug_aranges
                0x0000000000000000       0x28 ../Nios_bsp//obj/HAL/src/crt0.o
 .debug_aranges
                0x0000000000000028       0x20 obj/default/hello_world.o
 .debug_aranges
                0x0000000000000048       0x20 ../Nios_bsp//libhal_bsp.a(alt_irq_register.o)
 .debug_aranges
                0x0000000000000068       0x18 ../Nios_bsp//libhal_bsp.a(alt_irq_vars.o)
 .debug_aranges
                0x0000000000000080       0x20 ../Nios_bsp//libhal_bsp.a(alt_load.o)
 .debug_aranges
                0x00000000000000a0       0x20 ../Nios_bsp//libhal_bsp.a(alt_main.o)
 .debug_aranges
                0x00000000000000c0       0x20 ../Nios_bsp//libhal_bsp.a(alt_sys_init.o)
 .debug_aranges
                0x00000000000000e0       0x20 ../Nios_bsp//libhal_bsp.a(altera_avalon_jtag_uart_fd.o)
 .debug_aranges
                0x0000000000000100       0x20 ../Nios_bsp//libhal_bsp.a(altera_avalon_jtag_uart_read.o)
 .debug_aranges
                0x0000000000000120       0x20 ../Nios_bsp//libhal_bsp.a(altera_avalon_jtag_uart_write.o)
 .debug_aranges
                0x0000000000000140       0x20 ../Nios_bsp//libhal_bsp.a(alt_close.o)
 .debug_aranges
                0x0000000000000160       0x20 ../Nios_bsp//libhal_bsp.a(alt_dcache_flush_all.o)
 .debug_aranges
                0x0000000000000180       0x20 ../Nios_bsp//libhal_bsp.a(alt_dev.o)
 .debug_aranges
                0x00000000000001a0       0x20 ../Nios_bsp//libhal_bsp.a(alt_dev_llist_insert.o)
 .debug_aranges
                0x00000000000001c0       0x20 ../Nios_bsp//libhal_bsp.a(alt_do_ctors.o)
 .debug_aranges
                0x00000000000001e0       0x20 ../Nios_bsp//libhal_bsp.a(alt_do_dtors.o)
 .debug_aranges
                0x0000000000000200       0x18 ../Nios_bsp//libhal_bsp.a(alt_errno.o)
 .debug_aranges
                0x0000000000000218       0x20 ../Nios_bsp//libhal_bsp.a(alt_icache_flush_all.o)
 .debug_aranges
                0x0000000000000238       0x20 ../Nios_bsp//libhal_bsp.a(alt_io_redirect.o)
 .debug_aranges
                0x0000000000000258       0x30 ../Nios_bsp//libhal_bsp.a(alt_irq_entry.o)
 .debug_aranges
                0x0000000000000288       0x20 ../Nios_bsp//libhal_bsp.a(alt_irq_handler.o)
 .debug_aranges
                0x00000000000002a8       0x20 ../Nios_bsp//libhal_bsp.a(alt_open.o)
 .debug_aranges
                0x00000000000002c8       0x20 ../Nios_bsp//libhal_bsp.a(alt_release_fd.o)
 .debug_aranges
                0x00000000000002e8       0x20 ../Nios_bsp//libhal_bsp.a(altera_nios2_gen2_irq.o)
 .debug_aranges
                0x0000000000000308       0x38 ../Nios_bsp//libhal_bsp.a(alt_exception_entry.o)
 .debug_aranges
                0x0000000000000340       0x20 ../Nios_bsp//libhal_bsp.a(alt_find_dev.o)
 .debug_aranges
                0x0000000000000360       0x20 ../Nios_bsp//libhal_bsp.a(alt_find_file.o)
 .debug_aranges
                0x0000000000000380       0x20 ../Nios_bsp//libhal_bsp.a(alt_get_fd.o)
 .debug_aranges
                0x00000000000003a0       0x28 ../Nios_bsp//libhal_bsp.a(alt_instruction_exception_entry.o)
 .debug_aranges
                0x00000000000003c8       0x20 /home/gmore/intelFPGA/18.1/nios2eds/bin/gnu/H-x86_64-pc-linux-gnu/bin/../lib/gcc/nios2-elf/5.3.0/../../../../../H-x86_64-pc-linux-gnu/nios2-elf/lib/mno-hw-mul/libc.a(lib_a-atexit.o)
 .debug_aranges
                0x00000000000003e8       0x20 /home/gmore/intelFPGA/18.1/nios2eds/bin/gnu/H-x86_64-pc-linux-gnu/bin/../lib/gcc/nios2-elf/5.3.0/../../../../../H-x86_64-pc-linux-gnu/nios2-elf/lib/mno-hw-mul/libc.a(lib_a-exit.o)
 .debug_aranges
                0x0000000000000408       0x18 /home/gmore/intelFPGA/18.1/nios2eds/bin/gnu/H-x86_64-pc-linux-gnu/bin/../lib/gcc/nios2-elf/5.3.0/../../../../../H-x86_64-pc-linux-gnu/nios2-elf/lib/mno-hw-mul/libc.a(lib_a-impure.o)
 .debug_aranges
                0x0000000000000420       0x18 /home/gmore/intelFPGA/18.1/nios2eds/bin/gnu/H-x86_64-pc-linux-gnu/bin/../lib/gcc/nios2-elf/5.3.0/../../../../../H-x86_64-pc-linux-gnu/nios2-elf/lib/mno-hw-mul/libc.a(lib_a-int_errno.o)
 .debug_aranges
                0x0000000000000438       0x20 /home/gmore/intelFPGA/18.1/nios2eds/bin/gnu/H-x86_64-pc-linux-gnu/bin/../lib/gcc/nios2-elf/5.3.0/../../../../../H-x86_64-pc-linux-gnu/nios2-elf/lib/mno-hw-mul/libc.a(lib_a-memcmp.o)
 .debug_aranges
                0x0000000000000458       0x20 /home/gmore/intelFPGA/18.1/nios2eds/bin/gnu/H-x86_64-pc-linux-gnu/bin/../lib/gcc/nios2-elf/5.3.0/../../../../../H-x86_64-pc-linux-gnu/nios2-elf/lib/mno-hw-mul/libc.a(lib_a-strlen.o)
 .debug_aranges
                0x0000000000000478       0x20 /home/gmore/intelFPGA/18.1/nios2eds/bin/gnu/H-x86_64-pc-linux-gnu/bin/../lib/gcc/nios2-elf/5.3.0/../../../../../H-x86_64-pc-linux-gnu/nios2-elf/lib/mno-hw-mul/libc.a(lib_a-__atexit.o)
 .debug_aranges
                0x0000000000000498       0x20 /home/gmore/intelFPGA/18.1/nios2eds/bin/gnu/H-x86_64-pc-linux-gnu/bin/../lib/gcc/nios2-elf/5.3.0/../../../../../H-x86_64-pc-linux-gnu/nios2-elf/lib/mno-hw-mul/libc.a(lib_a-__call_atexit.o)
 .debug_aranges
                0x00000000000004b8       0x20 /home/gmore/intelFPGA/18.1/nios2eds/bin/gnu/H-x86_64-pc-linux-gnu/bin/../lib/gcc/nios2-elf/5.3.0/mno-hw-mul/libgcc.a(lib2-mul.o)
 .debug_aranges
                0x00000000000004d8       0x20 ../Nios_bsp//libhal_bsp.a(alt_exit.o)

.debug_pubnames
 *(.debug_pubnames)

.debug_info     0x0000000000000000     0x60f5
 *(.debug_info .gnu.linkonce.wi.*)
 .debug_info    0x0000000000000000       0x5a ../Nios_bsp//obj/HAL/src/crt0.o
 .debug_info    0x000000000000005a      0x18f obj/default/hello_world.o
 .debug_info    0x00000000000001e9      0x324 ../Nios_bsp//libhal_bsp.a(alt_irq_register.o)
 .debug_info    0x000000000000050d       0x88 ../Nios_bsp//libhal_bsp.a(alt_irq_vars.o)
 .debug_info    0x0000000000000595      0x145 ../Nios_bsp//libhal_bsp.a(alt_load.o)
 .debug_info    0x00000000000006da      0x131 ../Nios_bsp//libhal_bsp.a(alt_main.o)
 .debug_info    0x000000000000080b      0x3c9 ../Nios_bsp//libhal_bsp.a(alt_sys_init.o)
 .debug_info    0x0000000000000bd4      0x3a7 ../Nios_bsp//libhal_bsp.a(altera_avalon_jtag_uart_fd.o)
 .debug_info    0x0000000000000f7b      0x1b2 ../Nios_bsp//libhal_bsp.a(altera_avalon_jtag_uart_read.o)
 .debug_info    0x000000000000112d      0x195 ../Nios_bsp//libhal_bsp.a(altera_avalon_jtag_uart_write.o)
 .debug_info    0x00000000000012c2      0x321 ../Nios_bsp//libhal_bsp.a(alt_close.o)
 .debug_info    0x00000000000015e3       0x92 ../Nios_bsp//libhal_bsp.a(alt_dcache_flush_all.o)
 .debug_info    0x0000000000001675      0x49c ../Nios_bsp//libhal_bsp.a(alt_dev.o)
 .debug_info    0x0000000000001b11      0x1a9 ../Nios_bsp//libhal_bsp.a(alt_dev_llist_insert.o)
 .debug_info    0x0000000000001cba       0x83 ../Nios_bsp//libhal_bsp.a(alt_do_ctors.o)
 .debug_info    0x0000000000001d3d       0x83 ../Nios_bsp//libhal_bsp.a(alt_do_dtors.o)
 .debug_info    0x0000000000001dc0       0xa6 ../Nios_bsp//libhal_bsp.a(alt_errno.o)
 .debug_info    0x0000000000001e66       0x92 ../Nios_bsp//libhal_bsp.a(alt_icache_flush_all.o)
 .debug_info    0x0000000000001ef8      0x4a5 ../Nios_bsp//libhal_bsp.a(alt_io_redirect.o)
 .debug_info    0x000000000000239d       0x63 ../Nios_bsp//libhal_bsp.a(alt_irq_entry.o)
 .debug_info    0x0000000000002400      0x187 ../Nios_bsp//libhal_bsp.a(alt_irq_handler.o)
 .debug_info    0x0000000000002587      0x3bb ../Nios_bsp//libhal_bsp.a(alt_open.o)
 .debug_info    0x0000000000002942      0x2b0 ../Nios_bsp//libhal_bsp.a(alt_release_fd.o)
 .debug_info    0x0000000000002bf2       0x92 ../Nios_bsp//libhal_bsp.a(altera_nios2_gen2_irq.o)
 .debug_info    0x0000000000002c84       0x69 ../Nios_bsp//libhal_bsp.a(alt_exception_entry.o)
 .debug_info    0x0000000000002ced      0x2e9 ../Nios_bsp//libhal_bsp.a(alt_find_dev.o)
 .debug_info    0x0000000000002fd6      0x2e6 ../Nios_bsp//libhal_bsp.a(alt_find_file.o)
 .debug_info    0x00000000000032bc      0x310 ../Nios_bsp//libhal_bsp.a(alt_get_fd.o)
 .debug_info    0x00000000000035cc      0x1e7 ../Nios_bsp//libhal_bsp.a(alt_instruction_exception_entry.o)
 .debug_info    0x00000000000037b3       0xfe /home/gmore/intelFPGA/18.1/nios2eds/bin/gnu/H-x86_64-pc-linux-gnu/bin/../lib/gcc/nios2-elf/5.3.0/../../../../../H-x86_64-pc-linux-gnu/nios2-elf/lib/mno-hw-mul/libc.a(lib_a-atexit.o)
 .debug_info    0x00000000000038b1      0x8e4 /home/gmore/intelFPGA/18.1/nios2eds/bin/gnu/H-x86_64-pc-linux-gnu/bin/../lib/gcc/nios2-elf/5.3.0/../../../../../H-x86_64-pc-linux-gnu/nios2-elf/lib/mno-hw-mul/libc.a(lib_a-exit.o)
 .debug_info    0x0000000000004195      0x8a1 /home/gmore/intelFPGA/18.1/nios2eds/bin/gnu/H-x86_64-pc-linux-gnu/bin/../lib/gcc/nios2-elf/5.3.0/../../../../../H-x86_64-pc-linux-gnu/nios2-elf/lib/mno-hw-mul/libc.a(lib_a-impure.o)
 .debug_info    0x0000000000004a36       0x8a /home/gmore/intelFPGA/18.1/nios2eds/bin/gnu/H-x86_64-pc-linux-gnu/bin/../lib/gcc/nios2-elf/5.3.0/../../../../../H-x86_64-pc-linux-gnu/nios2-elf/lib/mno-hw-mul/libc.a(lib_a-int_errno.o)
 .debug_info    0x0000000000004ac0      0x11a /home/gmore/intelFPGA/18.1/nios2eds/bin/gnu/H-x86_64-pc-linux-gnu/bin/../lib/gcc/nios2-elf/5.3.0/../../../../../H-x86_64-pc-linux-gnu/nios2-elf/lib/mno-hw-mul/libc.a(lib_a-memcmp.o)
 .debug_info    0x0000000000004bda       0xe2 /home/gmore/intelFPGA/18.1/nios2eds/bin/gnu/H-x86_64-pc-linux-gnu/bin/../lib/gcc/nios2-elf/5.3.0/../../../../../H-x86_64-pc-linux-gnu/nios2-elf/lib/mno-hw-mul/libc.a(lib_a-strlen.o)
 .debug_info    0x0000000000004cbc      0x934 /home/gmore/intelFPGA/18.1/nios2eds/bin/gnu/H-x86_64-pc-linux-gnu/bin/../lib/gcc/nios2-elf/5.3.0/../../../../../H-x86_64-pc-linux-gnu/nios2-elf/lib/mno-hw-mul/libc.a(lib_a-__atexit.o)
 .debug_info    0x00000000000055f0      0x965 /home/gmore/intelFPGA/18.1/nios2eds/bin/gnu/H-x86_64-pc-linux-gnu/bin/../lib/gcc/nios2-elf/5.3.0/../../../../../H-x86_64-pc-linux-gnu/nios2-elf/lib/mno-hw-mul/libc.a(lib_a-__call_atexit.o)
 .debug_info    0x0000000000005f55       0xb4 /home/gmore/intelFPGA/18.1/nios2eds/bin/gnu/H-x86_64-pc-linux-gnu/bin/../lib/gcc/nios2-elf/5.3.0/mno-hw-mul/libgcc.a(lib2-mul.o)
 .debug_info    0x0000000000006009       0xec ../Nios_bsp//libhal_bsp.a(alt_exit.o)

.debug_abbrev   0x0000000000000000     0x2055
 *(.debug_abbrev)
 .debug_abbrev  0x0000000000000000       0x12 ../Nios_bsp//obj/HAL/src/crt0.o
 .debug_abbrev  0x0000000000000012       0xfd obj/default/hello_world.o
 .debug_abbrev  0x000000000000010f      0x186 ../Nios_bsp//libhal_bsp.a(alt_irq_register.o)
 .debug_abbrev  0x0000000000000295       0x40 ../Nios_bsp//libhal_bsp.a(alt_irq_vars.o)
 .debug_abbrev  0x00000000000002d5       0x9f ../Nios_bsp//libhal_bsp.a(alt_load.o)
 .debug_abbrev  0x0000000000000374       0xba ../Nios_bsp//libhal_bsp.a(alt_main.o)
 .debug_abbrev  0x000000000000042e      0x157 ../Nios_bsp//libhal_bsp.a(alt_sys_init.o)
 .debug_abbrev  0x0000000000000585       0xf7 ../Nios_bsp//libhal_bsp.a(altera_avalon_jtag_uart_fd.o)
 .debug_abbrev  0x000000000000067c       0xd5 ../Nios_bsp//libhal_bsp.a(altera_avalon_jtag_uart_read.o)
 .debug_abbrev  0x0000000000000751       0xd5 ../Nios_bsp//libhal_bsp.a(altera_avalon_jtag_uart_write.o)
 .debug_abbrev  0x0000000000000826      0x11f ../Nios_bsp//libhal_bsp.a(alt_close.o)
 .debug_abbrev  0x0000000000000945       0x42 ../Nios_bsp//libhal_bsp.a(alt_dcache_flush_all.o)
 .debug_abbrev  0x0000000000000987       0xd9 ../Nios_bsp//libhal_bsp.a(alt_dev.o)
 .debug_abbrev  0x0000000000000a60      0x114 ../Nios_bsp//libhal_bsp.a(alt_dev_llist_insert.o)
 .debug_abbrev  0x0000000000000b74       0x79 ../Nios_bsp//libhal_bsp.a(alt_do_ctors.o)
 .debug_abbrev  0x0000000000000bed       0x79 ../Nios_bsp//libhal_bsp.a(alt_do_dtors.o)
 .debug_abbrev  0x0000000000000c66       0x5a ../Nios_bsp//libhal_bsp.a(alt_errno.o)
 .debug_abbrev  0x0000000000000cc0       0x42 ../Nios_bsp//libhal_bsp.a(alt_icache_flush_all.o)
 .debug_abbrev  0x0000000000000d02      0x114 ../Nios_bsp//libhal_bsp.a(alt_io_redirect.o)
 .debug_abbrev  0x0000000000000e16       0x12 ../Nios_bsp//libhal_bsp.a(alt_irq_entry.o)
 .debug_abbrev  0x0000000000000e28      0x122 ../Nios_bsp//libhal_bsp.a(alt_irq_handler.o)
 .debug_abbrev  0x0000000000000f4a      0x148 ../Nios_bsp//libhal_bsp.a(alt_open.o)
 .debug_abbrev  0x0000000000001092       0xde ../Nios_bsp//libhal_bsp.a(alt_release_fd.o)
 .debug_abbrev  0x0000000000001170       0x42 ../Nios_bsp//libhal_bsp.a(altera_nios2_gen2_irq.o)
 .debug_abbrev  0x00000000000011b2       0x12 ../Nios_bsp//libhal_bsp.a(alt_exception_entry.o)
 .debug_abbrev  0x00000000000011c4       0xf0 ../Nios_bsp//libhal_bsp.a(alt_find_dev.o)
 .debug_abbrev  0x00000000000012b4       0xf0 ../Nios_bsp//libhal_bsp.a(alt_find_file.o)
 .debug_abbrev  0x00000000000013a4      0x10d ../Nios_bsp//libhal_bsp.a(alt_get_fd.o)
 .debug_abbrev  0x00000000000014b1       0xdc ../Nios_bsp//libhal_bsp.a(alt_instruction_exception_entry.o)
 .debug_abbrev  0x000000000000158d       0xaa /home/gmore/intelFPGA/18.1/nios2eds/bin/gnu/H-x86_64-pc-linux-gnu/bin/../lib/gcc/nios2-elf/5.3.0/../../../../../H-x86_64-pc-linux-gnu/nios2-elf/lib/mno-hw-mul/libc.a(lib_a-atexit.o)
 .debug_abbrev  0x0000000000001637      0x1e5 /home/gmore/intelFPGA/18.1/nios2eds/bin/gnu/H-x86_64-pc-linux-gnu/bin/../lib/gcc/nios2-elf/5.3.0/../../../../../H-x86_64-pc-linux-gnu/nios2-elf/lib/mno-hw-mul/libc.a(lib_a-exit.o)
 .debug_abbrev  0x000000000000181c      0x18f /home/gmore/intelFPGA/18.1/nios2eds/bin/gnu/H-x86_64-pc-linux-gnu/bin/../lib/gcc/nios2-elf/5.3.0/../../../../../H-x86_64-pc-linux-gnu/nios2-elf/lib/mno-hw-mul/libc.a(lib_a-impure.o)
 .debug_abbrev  0x00000000000019ab       0x37 /home/gmore/intelFPGA/18.1/nios2eds/bin/gnu/H-x86_64-pc-linux-gnu/bin/../lib/gcc/nios2-elf/5.3.0/../../../../../H-x86_64-pc-linux-gnu/nios2-elf/lib/mno-hw-mul/libc.a(lib_a-int_errno.o)
 .debug_abbrev  0x00000000000019e2       0x7f /home/gmore/intelFPGA/18.1/nios2eds/bin/gnu/H-x86_64-pc-linux-gnu/bin/../lib/gcc/nios2-elf/5.3.0/../../../../../H-x86_64-pc-linux-gnu/nios2-elf/lib/mno-hw-mul/libc.a(lib_a-memcmp.o)
 .debug_abbrev  0x0000000000001a61       0x90 /home/gmore/intelFPGA/18.1/nios2eds/bin/gnu/H-x86_64-pc-linux-gnu/bin/../lib/gcc/nios2-elf/5.3.0/../../../../../H-x86_64-pc-linux-gnu/nios2-elf/lib/mno-hw-mul/libc.a(lib_a-strlen.o)
 .debug_abbrev  0x0000000000001af1      0x21e /home/gmore/intelFPGA/18.1/nios2eds/bin/gnu/H-x86_64-pc-linux-gnu/bin/../lib/gcc/nios2-elf/5.3.0/../../../../../H-x86_64-pc-linux-gnu/nios2-elf/lib/mno-hw-mul/libc.a(lib_a-__atexit.o)
 .debug_abbrev  0x0000000000001d0f      0x22e /home/gmore/intelFPGA/18.1/nios2eds/bin/gnu/H-x86_64-pc-linux-gnu/bin/../lib/gcc/nios2-elf/5.3.0/../../../../../H-x86_64-pc-linux-gnu/nios2-elf/lib/mno-hw-mul/libc.a(lib_a-__call_atexit.o)
 .debug_abbrev  0x0000000000001f3d       0x6f /home/gmore/intelFPGA/18.1/nios2eds/bin/gnu/H-x86_64-pc-linux-gnu/bin/../lib/gcc/nios2-elf/5.3.0/mno-hw-mul/libgcc.a(lib2-mul.o)
 .debug_abbrev  0x0000000000001fac       0xa9 ../Nios_bsp//libhal_bsp.a(alt_exit.o)

.debug_line     0x0000000000000000     0x21e2
 *(.debug_line)
 .debug_line    0x0000000000000000       0x66 ../Nios_bsp//obj/HAL/src/crt0.o
 .debug_line    0x0000000000000066       0x82 obj/default/hello_world.o
 .debug_line    0x00000000000000e8      0x155 ../Nios_bsp//libhal_bsp.a(alt_irq_register.o)
 .debug_line    0x000000000000023d       0x50 ../Nios_bsp//libhal_bsp.a(alt_irq_vars.o)
 .debug_line    0x000000000000028d       0x8e ../Nios_bsp//libhal_bsp.a(alt_load.o)
 .debug_line    0x000000000000031b       0xa4 ../Nios_bsp//libhal_bsp.a(alt_main.o)
 .debug_line    0x00000000000003bf      0x126 ../Nios_bsp//libhal_bsp.a(alt_sys_init.o)
 .debug_line    0x00000000000004e5      0x112 ../Nios_bsp//libhal_bsp.a(altera_avalon_jtag_uart_fd.o)
 .debug_line    0x00000000000005f7       0xfd ../Nios_bsp//libhal_bsp.a(altera_avalon_jtag_uart_read.o)
 .debug_line    0x00000000000006f4       0xf4 ../Nios_bsp//libhal_bsp.a(altera_avalon_jtag_uart_write.o)
 .debug_line    0x00000000000007e8      0x16e ../Nios_bsp//libhal_bsp.a(alt_close.o)
 .debug_line    0x0000000000000956       0x51 ../Nios_bsp//libhal_bsp.a(alt_dcache_flush_all.o)
 .debug_line    0x00000000000009a7      0x101 ../Nios_bsp//libhal_bsp.a(alt_dev.o)
 .debug_line    0x0000000000000aa8       0xcf ../Nios_bsp//libhal_bsp.a(alt_dev_llist_insert.o)
 .debug_line    0x0000000000000b77       0x59 ../Nios_bsp//libhal_bsp.a(alt_do_ctors.o)
 .debug_line    0x0000000000000bd0       0x59 ../Nios_bsp//libhal_bsp.a(alt_do_dtors.o)
 .debug_line    0x0000000000000c29       0x51 ../Nios_bsp//libhal_bsp.a(alt_errno.o)
 .debug_line    0x0000000000000c7a       0x4f ../Nios_bsp//libhal_bsp.a(alt_icache_flush_all.o)
 .debug_line    0x0000000000000cc9      0x13e ../Nios_bsp//libhal_bsp.a(alt_io_redirect.o)
 .debug_line    0x0000000000000e07       0x6b ../Nios_bsp//libhal_bsp.a(alt_irq_entry.o)
 .debug_line    0x0000000000000e72       0xaa ../Nios_bsp//libhal_bsp.a(alt_irq_handler.o)
 .debug_line    0x0000000000000f1c      0x12b ../Nios_bsp//libhal_bsp.a(alt_open.o)
 .debug_line    0x0000000000001047       0xb0 ../Nios_bsp//libhal_bsp.a(alt_release_fd.o)
 .debug_line    0x00000000000010f7       0x51 ../Nios_bsp//libhal_bsp.a(altera_nios2_gen2_irq.o)
 .debug_line    0x0000000000001148       0xb3 ../Nios_bsp//libhal_bsp.a(alt_exception_entry.o)
 .debug_line    0x00000000000011fb       0xb5 ../Nios_bsp//libhal_bsp.a(alt_find_dev.o)
 .debug_line    0x00000000000012b0       0xd1 ../Nios_bsp//libhal_bsp.a(alt_find_file.o)
 .debug_line    0x0000000000001381       0xd7 ../Nios_bsp//libhal_bsp.a(alt_get_fd.o)
 .debug_line    0x0000000000001458       0xb9 ../Nios_bsp//libhal_bsp.a(alt_instruction_exception_entry.o)
 .debug_line    0x0000000000001511       0xe7 /home/gmore/intelFPGA/18.1/nios2eds/bin/gnu/H-x86_64-pc-linux-gnu/bin/../lib/gcc/nios2-elf/5.3.0/../../../../../H-x86_64-pc-linux-gnu/nios2-elf/lib/mno-hw-mul/libc.a(lib_a-atexit.o)
 .debug_line    0x00000000000015f8      0x1fc /home/gmore/intelFPGA/18.1/nios2eds/bin/gnu/H-x86_64-pc-linux-gnu/bin/../lib/gcc/nios2-elf/5.3.0/../../../../../H-x86_64-pc-linux-gnu/nios2-elf/lib/mno-hw-mul/libc.a(lib_a-exit.o)
 .debug_line    0x00000000000017f4      0x160 /home/gmore/intelFPGA/18.1/nios2eds/bin/gnu/H-x86_64-pc-linux-gnu/bin/../lib/gcc/nios2-elf/5.3.0/../../../../../H-x86_64-pc-linux-gnu/nios2-elf/lib/mno-hw-mul/libc.a(lib_a-impure.o)
 .debug_line    0x0000000000001954       0x5f /home/gmore/intelFPGA/18.1/nios2eds/bin/gnu/H-x86_64-pc-linux-gnu/bin/../lib/gcc/nios2-elf/5.3.0/../../../../../H-x86_64-pc-linux-gnu/nios2-elf/lib/mno-hw-mul/libc.a(lib_a-int_errno.o)
 .debug_line    0x00000000000019b3      0x176 /home/gmore/intelFPGA/18.1/nios2eds/bin/gnu/H-x86_64-pc-linux-gnu/bin/../lib/gcc/nios2-elf/5.3.0/../../../../../H-x86_64-pc-linux-gnu/nios2-elf/lib/mno-hw-mul/libc.a(lib_a-memcmp.o)
 .debug_line    0x0000000000001b29      0x16f /home/gmore/intelFPGA/18.1/nios2eds/bin/gnu/H-x86_64-pc-linux-gnu/bin/../lib/gcc/nios2-elf/5.3.0/../../../../../H-x86_64-pc-linux-gnu/nios2-elf/lib/mno-hw-mul/libc.a(lib_a-strlen.o)
 .debug_line    0x0000000000001c98      0x21f /home/gmore/intelFPGA/18.1/nios2eds/bin/gnu/H-x86_64-pc-linux-gnu/bin/../lib/gcc/nios2-elf/5.3.0/../../../../../H-x86_64-pc-linux-gnu/nios2-elf/lib/mno-hw-mul/libc.a(lib_a-__atexit.o)
 .debug_line    0x0000000000001eb7      0x23a /home/gmore/intelFPGA/18.1/nios2eds/bin/gnu/H-x86_64-pc-linux-gnu/bin/../lib/gcc/nios2-elf/5.3.0/../../../../../H-x86_64-pc-linux-gnu/nios2-elf/lib/mno-hw-mul/libc.a(lib_a-__call_atexit.o)
 .debug_line    0x00000000000020f1       0x80 /home/gmore/intelFPGA/18.1/nios2eds/bin/gnu/H-x86_64-pc-linux-gnu/bin/../lib/gcc/nios2-elf/5.3.0/mno-hw-mul/libgcc.a(lib2-mul.o)
 .debug_line    0x0000000000002171       0x71 ../Nios_bsp//libhal_bsp.a(alt_exit.o)

.debug_frame    0x0000000000000000      0x850
 *(.debug_frame)
 .debug_frame   0x0000000000000000       0x78 obj/default/hello_world.o
 .debug_frame   0x0000000000000078       0x34 ../Nios_bsp//libhal_bsp.a(alt_irq_register.o)
 .debug_frame   0x00000000000000ac       0x5c ../Nios_bsp//libhal_bsp.a(alt_load.o)
 .debug_frame   0x0000000000000108       0x2c ../Nios_bsp//libhal_bsp.a(alt_main.o)
 .debug_frame   0x0000000000000134       0x88 ../Nios_bsp//libhal_bsp.a(alt_sys_init.o)
 .debug_frame   0x00000000000001bc       0x60 ../Nios_bsp//libhal_bsp.a(altera_avalon_jtag_uart_fd.o)
 .debug_frame   0x000000000000021c       0x34 ../Nios_bsp//libhal_bsp.a(altera_avalon_jtag_uart_read.o)
 .debug_frame   0x0000000000000250       0x34 ../Nios_bsp//libhal_bsp.a(altera_avalon_jtag_uart_write.o)
 .debug_frame   0x0000000000000284       0x60 ../Nios_bsp//libhal_bsp.a(alt_close.o)
 .debug_frame   0x00000000000002e4       0x34 ../Nios_bsp//libhal_bsp.a(alt_dcache_flush_all.o)
 .debug_frame   0x0000000000000318       0x34 ../Nios_bsp//libhal_bsp.a(alt_dev.o)
 .debug_frame   0x000000000000034c       0x60 ../Nios_bsp//libhal_bsp.a(alt_dev_llist_insert.o)
 .debug_frame   0x00000000000003ac       0x38 ../Nios_bsp//libhal_bsp.a(alt_do_ctors.o)
 .debug_frame   0x00000000000003e4       0x38 ../Nios_bsp//libhal_bsp.a(alt_do_dtors.o)
 .debug_frame   0x000000000000041c       0x34 ../Nios_bsp//libhal_bsp.a(alt_icache_flush_all.o)
 .debug_frame   0x0000000000000450       0x64 ../Nios_bsp//libhal_bsp.a(alt_io_redirect.o)
 .debug_frame   0x00000000000004b4       0x38 ../Nios_bsp//libhal_bsp.a(alt_irq_handler.o)
 .debug_frame   0x00000000000004ec       0x8c ../Nios_bsp//libhal_bsp.a(alt_open.o)
 .debug_frame   0x0000000000000578       0x3c ../Nios_bsp//libhal_bsp.a(alt_release_fd.o)
 .debug_frame   0x00000000000005b4       0x34 ../Nios_bsp//libhal_bsp.a(altera_nios2_gen2_irq.o)
 .debug_frame   0x00000000000005e8       0x38 ../Nios_bsp//libhal_bsp.a(alt_find_dev.o)
 .debug_frame   0x0000000000000620       0x38 ../Nios_bsp//libhal_bsp.a(alt_find_file.o)
 .debug_frame   0x0000000000000658       0x3c ../Nios_bsp//libhal_bsp.a(alt_get_fd.o)
 .debug_frame   0x0000000000000694       0x5c ../Nios_bsp//libhal_bsp.a(alt_instruction_exception_entry.o)
 .debug_frame   0x00000000000006f0       0x20 /home/gmore/intelFPGA/18.1/nios2eds/bin/gnu/H-x86_64-pc-linux-gnu/bin/../lib/gcc/nios2-elf/5.3.0/../../../../../H-x86_64-pc-linux-gnu/nios2-elf/lib/mno-hw-mul/libc.a(lib_a-atexit.o)
 .debug_frame   0x0000000000000710       0x28 /home/gmore/intelFPGA/18.1/nios2eds/bin/gnu/H-x86_64-pc-linux-gnu/bin/../lib/gcc/nios2-elf/5.3.0/../../../../../H-x86_64-pc-linux-gnu/nios2-elf/lib/mno-hw-mul/libc.a(lib_a-exit.o)
 .debug_frame   0x0000000000000738       0x20 /home/gmore/intelFPGA/18.1/nios2eds/bin/gnu/H-x86_64-pc-linux-gnu/bin/../lib/gcc/nios2-elf/5.3.0/../../../../../H-x86_64-pc-linux-gnu/nios2-elf/lib/mno-hw-mul/libc.a(lib_a-memcmp.o)
 .debug_frame   0x0000000000000758       0x20 /home/gmore/intelFPGA/18.1/nios2eds/bin/gnu/H-x86_64-pc-linux-gnu/bin/../lib/gcc/nios2-elf/5.3.0/../../../../../H-x86_64-pc-linux-gnu/nios2-elf/lib/mno-hw-mul/libc.a(lib_a-strlen.o)
 .debug_frame   0x0000000000000778       0x38 /home/gmore/intelFPGA/18.1/nios2eds/bin/gnu/H-x86_64-pc-linux-gnu/bin/../lib/gcc/nios2-elf/5.3.0/../../../../../H-x86_64-pc-linux-gnu/nios2-elf/lib/mno-hw-mul/libc.a(lib_a-__atexit.o)
 .debug_frame   0x00000000000007b0       0x54 /home/gmore/intelFPGA/18.1/nios2eds/bin/gnu/H-x86_64-pc-linux-gnu/bin/../lib/gcc/nios2-elf/5.3.0/../../../../../H-x86_64-pc-linux-gnu/nios2-elf/lib/mno-hw-mul/libc.a(lib_a-__call_atexit.o)
 .debug_frame   0x0000000000000804       0x20 /home/gmore/intelFPGA/18.1/nios2eds/bin/gnu/H-x86_64-pc-linux-gnu/bin/../lib/gcc/nios2-elf/5.3.0/mno-hw-mul/libgcc.a(lib2-mul.o)
 .debug_frame   0x0000000000000824       0x2c ../Nios_bsp//libhal_bsp.a(alt_exit.o)

.debug_str      0x0000000000000000     0x186f
 *(.debug_str)
 .debug_str     0x0000000000000000      0x154 obj/default/hello_world.o
                                        0x19a (size before relaxing)
 .debug_str     0x0000000000000154       0xe4 ../Nios_bsp//libhal_bsp.a(alt_irq_register.o)
                                        0x1f4 (size before relaxing)
 .debug_str     0x0000000000000238       0x17 ../Nios_bsp//libhal_bsp.a(alt_irq_vars.o)
                                        0x126 (size before relaxing)
 .debug_str     0x000000000000024f       0xe9 ../Nios_bsp//libhal_bsp.a(alt_load.o)
                                        0x1fe (size before relaxing)
 .debug_str     0x0000000000000338       0x70 ../Nios_bsp//libhal_bsp.a(alt_main.o)
                                        0x189 (size before relaxing)
 .debug_str     0x00000000000003a8      0x14c ../Nios_bsp//libhal_bsp.a(alt_sys_init.o)
                                        0x2c0 (size before relaxing)
 .debug_str     0x00000000000004f4       0x77 ../Nios_bsp//libhal_bsp.a(altera_avalon_jtag_uart_fd.o)
                                        0x2c1 (size before relaxing)
 .debug_str     0x000000000000056b       0x48 ../Nios_bsp//libhal_bsp.a(altera_avalon_jtag_uart_read.o)
                                        0x20b (size before relaxing)
 .debug_str     0x00000000000005b3       0x4a ../Nios_bsp//libhal_bsp.a(altera_avalon_jtag_uart_write.o)
                                        0x201 (size before relaxing)
 .debug_str     0x00000000000005fd       0x44 ../Nios_bsp//libhal_bsp.a(alt_close.o)
                                        0x1f7 (size before relaxing)
 .debug_str     0x0000000000000641       0x34 ../Nios_bsp//libhal_bsp.a(alt_dcache_flush_all.o)
                                        0x141 (size before relaxing)
 .debug_str     0x0000000000000675      0x120 ../Nios_bsp//libhal_bsp.a(alt_dev.o)
                                        0x2f1 (size before relaxing)
 .debug_str     0x0000000000000795       0x45 ../Nios_bsp//libhal_bsp.a(alt_dev_llist_insert.o)
                                        0x1b8 (size before relaxing)
 .debug_str     0x00000000000007da       0x48 ../Nios_bsp//libhal_bsp.a(alt_do_ctors.o)
                                         0xbc (size before relaxing)
 .debug_str     0x0000000000000822       0x4c ../Nios_bsp//libhal_bsp.a(alt_do_dtors.o)
                                         0xbb (size before relaxing)
 .debug_str     0x000000000000086e       0x14 ../Nios_bsp//libhal_bsp.a(alt_errno.o)
                                        0x131 (size before relaxing)
 .debug_str     0x0000000000000882       0x34 ../Nios_bsp//libhal_bsp.a(alt_icache_flush_all.o)
                                        0x141 (size before relaxing)
 .debug_str     0x00000000000008b6       0x56 ../Nios_bsp//libhal_bsp.a(alt_io_redirect.o)
                                        0x302 (size before relaxing)
 .debug_str     0x000000000000090c       0x3a ../Nios_bsp//libhal_bsp.a(alt_irq_handler.o)
                                        0x183 (size before relaxing)
 .debug_str     0x0000000000000946       0x2f ../Nios_bsp//libhal_bsp.a(alt_open.o)
                                        0x237 (size before relaxing)
 .debug_str     0x0000000000000975       0x28 ../Nios_bsp//libhal_bsp.a(alt_release_fd.o)
                                        0x1bf (size before relaxing)
 .debug_str     0x000000000000099d       0x3b ../Nios_bsp//libhal_bsp.a(altera_nios2_gen2_irq.o)
                                        0x148 (size before relaxing)
 .debug_str     0x00000000000009d8       0x24 ../Nios_bsp//libhal_bsp.a(alt_find_dev.o)
                                        0x1d8 (size before relaxing)
 .debug_str     0x00000000000009fc       0x26 ../Nios_bsp//libhal_bsp.a(alt_find_file.o)
                                        0x1e6 (size before relaxing)
 .debug_str     0x0000000000000a22       0x30 ../Nios_bsp//libhal_bsp.a(alt_get_fd.o)
                                        0x208 (size before relaxing)
 .debug_str     0x0000000000000a52      0x48b ../Nios_bsp//libhal_bsp.a(alt_instruction_exception_entry.o)
                                        0x58c (size before relaxing)
 .debug_str     0x0000000000000edd      0x17d /home/gmore/intelFPGA/18.1/nios2eds/bin/gnu/H-x86_64-pc-linux-gnu/bin/../lib/gcc/nios2-elf/5.3.0/../../../../../H-x86_64-pc-linux-gnu/nios2-elf/lib/mno-hw-mul/libc.a(lib_a-atexit.o)
                                        0x222 (size before relaxing)
 .debug_str     0x000000000000105a      0x3bc /home/gmore/intelFPGA/18.1/nios2eds/bin/gnu/H-x86_64-pc-linux-gnu/bin/../lib/gcc/nios2-elf/5.3.0/../../../../../H-x86_64-pc-linux-gnu/nios2-elf/lib/mno-hw-mul/libc.a(lib_a-exit.o)
                                        0x5bf (size before relaxing)
 .debug_str     0x0000000000001416       0xd7 /home/gmore/intelFPGA/18.1/nios2eds/bin/gnu/H-x86_64-pc-linux-gnu/bin/../lib/gcc/nios2-elf/5.3.0/../../../../../H-x86_64-pc-linux-gnu/nios2-elf/lib/mno-hw-mul/libc.a(lib_a-impure.o)
                                        0x5b6 (size before relaxing)
 .debug_str     0x00000000000014ed       0x3f /home/gmore/intelFPGA/18.1/nios2eds/bin/gnu/H-x86_64-pc-linux-gnu/bin/../lib/gcc/nios2-elf/5.3.0/../../../../../H-x86_64-pc-linux-gnu/nios2-elf/lib/mno-hw-mul/libc.a(lib_a-int_errno.o)
                                        0x1de (size before relaxing)
 .debug_str     0x000000000000152c       0xdb /home/gmore/intelFPGA/18.1/nios2eds/bin/gnu/H-x86_64-pc-linux-gnu/bin/../lib/gcc/nios2-elf/5.3.0/../../../../../H-x86_64-pc-linux-gnu/nios2-elf/lib/mno-hw-mul/libc.a(lib_a-memcmp.o)
                                        0x1e5 (size before relaxing)
 .debug_str     0x0000000000001607       0x51 /home/gmore/intelFPGA/18.1/nios2eds/bin/gnu/H-x86_64-pc-linux-gnu/bin/../lib/gcc/nios2-elf/5.3.0/../../../../../H-x86_64-pc-linux-gnu/nios2-elf/lib/mno-hw-mul/libc.a(lib_a-strlen.o)
                                        0x1f8 (size before relaxing)
 .debug_str     0x0000000000001658       0x3f /home/gmore/intelFPGA/18.1/nios2eds/bin/gnu/H-x86_64-pc-linux-gnu/bin/../lib/gcc/nios2-elf/5.3.0/../../../../../H-x86_64-pc-linux-gnu/nios2-elf/lib/mno-hw-mul/libc.a(lib_a-__atexit.o)
                                        0x5f7 (size before relaxing)
 .debug_str     0x0000000000001697       0x65 /home/gmore/intelFPGA/18.1/nios2eds/bin/gnu/H-x86_64-pc-linux-gnu/bin/../lib/gcc/nios2-elf/5.3.0/../../../../../H-x86_64-pc-linux-gnu/nios2-elf/lib/mno-hw-mul/libc.a(lib_a-__call_atexit.o)
                                        0x5e3 (size before relaxing)
 .debug_str     0x00000000000016fc      0x149 /home/gmore/intelFPGA/18.1/nios2eds/bin/gnu/H-x86_64-pc-linux-gnu/bin/../lib/gcc/nios2-elf/5.3.0/mno-hw-mul/libgcc.a(lib2-mul.o)
                                        0x194 (size before relaxing)
 .debug_str     0x0000000000001845       0x2a ../Nios_bsp//libhal_bsp.a(alt_exit.o)
                                        0x13d (size before relaxing)

.debug_loc      0x0000000000000000      0x59d
 *(.debug_loc)
 .debug_loc     0x0000000000000000       0x2c /home/gmore/intelFPGA/18.1/nios2eds/bin/gnu/H-x86_64-pc-linux-gnu/bin/../lib/gcc/nios2-elf/5.3.0/../../../../../H-x86_64-pc-linux-gnu/nios2-elf/lib/mno-hw-mul/libc.a(lib_a-atexit.o)
 .debug_loc     0x000000000000002c       0x1e /home/gmore/intelFPGA/18.1/nios2eds/bin/gnu/H-x86_64-pc-linux-gnu/bin/../lib/gcc/nios2-elf/5.3.0/../../../../../H-x86_64-pc-linux-gnu/nios2-elf/lib/mno-hw-mul/libc.a(lib_a-exit.o)
 .debug_loc     0x000000000000004a      0x126 /home/gmore/intelFPGA/18.1/nios2eds/bin/gnu/H-x86_64-pc-linux-gnu/bin/../lib/gcc/nios2-elf/5.3.0/../../../../../H-x86_64-pc-linux-gnu/nios2-elf/lib/mno-hw-mul/libc.a(lib_a-memcmp.o)
 .debug_loc     0x0000000000000170       0x47 /home/gmore/intelFPGA/18.1/nios2eds/bin/gnu/H-x86_64-pc-linux-gnu/bin/../lib/gcc/nios2-elf/5.3.0/../../../../../H-x86_64-pc-linux-gnu/nios2-elf/lib/mno-hw-mul/libc.a(lib_a-strlen.o)
 .debug_loc     0x00000000000001b7      0x185 /home/gmore/intelFPGA/18.1/nios2eds/bin/gnu/H-x86_64-pc-linux-gnu/bin/../lib/gcc/nios2-elf/5.3.0/../../../../../H-x86_64-pc-linux-gnu/nios2-elf/lib/mno-hw-mul/libc.a(lib_a-__atexit.o)
 .debug_loc     0x000000000000033c      0x1ce /home/gmore/intelFPGA/18.1/nios2eds/bin/gnu/H-x86_64-pc-linux-gnu/bin/../lib/gcc/nios2-elf/5.3.0/../../../../../H-x86_64-pc-linux-gnu/nios2-elf/lib/mno-hw-mul/libc.a(lib_a-__call_atexit.o)
 .debug_loc     0x000000000000050a       0x93 /home/gmore/intelFPGA/18.1/nios2eds/bin/gnu/H-x86_64-pc-linux-gnu/bin/../lib/gcc/nios2-elf/5.3.0/mno-hw-mul/libgcc.a(lib2-mul.o)

.debug_macinfo
 *(.debug_macinfo)

.debug_weaknames
 *(.debug_weaknames)

.debug_funcnames
 *(.debug_funcnames)

.debug_typenames
 *(.debug_typenames)

.debug_varnames
 *(.debug_varnames)

.debug_alt_sim_info
                0x0000000000000000       0x10
 *(.debug_alt_sim_info)
 .debug_alt_sim_info
                0x0000000000000000       0x10 ../Nios_bsp//obj/HAL/src/crt0.o
                0x0000000000010000                __alt_data_end = 0x10000
                0x0000000000010000                PROVIDE (__alt_stack_pointer, __alt_data_end)
                [!provide]                        PROVIDE (__alt_stack_limit, __alt_stack_base)
                [!provide]                        PROVIDE (__alt_heap_start, end)
                [!provide]                        PROVIDE (__alt_heap_limit, 0x10000)
OUTPUT(Nios.elf elf32-littlenios2)

.debug_ranges   0x0000000000000000      0x138
 .debug_ranges  0x0000000000000000       0x20 ../Nios_bsp//obj/HAL/src/crt0.o
 .debug_ranges  0x0000000000000020       0x18 ../Nios_bsp//libhal_bsp.a(altera_avalon_jtag_uart_read.o)
 .debug_ranges  0x0000000000000038       0x28 ../Nios_bsp//libhal_bsp.a(alt_irq_entry.o)
 .debug_ranges  0x0000000000000060       0x10 ../Nios_bsp//libhal_bsp.a(alt_irq_handler.o)
 .debug_ranges  0x0000000000000070       0x30 ../Nios_bsp//libhal_bsp.a(alt_exception_entry.o)
 .debug_ranges  0x00000000000000a0       0x18 ../Nios_bsp//libhal_bsp.a(alt_instruction_exception_entry.o)
 .debug_ranges  0x00000000000000b8       0x10 /home/gmore/intelFPGA/18.1/nios2eds/bin/gnu/H-x86_64-pc-linux-gnu/bin/../lib/gcc/nios2-elf/5.3.0/../../../../../H-x86_64-pc-linux-gnu/nios2-elf/lib/mno-hw-mul/libc.a(lib_a-atexit.o)
 .debug_ranges  0x00000000000000c8       0x10 /home/gmore/intelFPGA/18.1/nios2eds/bin/gnu/H-x86_64-pc-linux-gnu/bin/../lib/gcc/nios2-elf/5.3.0/../../../../../H-x86_64-pc-linux-gnu/nios2-elf/lib/mno-hw-mul/libc.a(lib_a-exit.o)
 .debug_ranges  0x00000000000000d8       0x10 /home/gmore/intelFPGA/18.1/nios2eds/bin/gnu/H-x86_64-pc-linux-gnu/bin/../lib/gcc/nios2-elf/5.3.0/../../../../../H-x86_64-pc-linux-gnu/nios2-elf/lib/mno-hw-mul/libc.a(lib_a-memcmp.o)
 .debug_ranges  0x00000000000000e8       0x10 /home/gmore/intelFPGA/18.1/nios2eds/bin/gnu/H-x86_64-pc-linux-gnu/bin/../lib/gcc/nios2-elf/5.3.0/../../../../../H-x86_64-pc-linux-gnu/nios2-elf/lib/mno-hw-mul/libc.a(lib_a-strlen.o)
 .debug_ranges  0x00000000000000f8       0x10 /home/gmore/intelFPGA/18.1/nios2eds/bin/gnu/H-x86_64-pc-linux-gnu/bin/../lib/gcc/nios2-elf/5.3.0/../../../../../H-x86_64-pc-linux-gnu/nios2-elf/lib/mno-hw-mul/libc.a(lib_a-__atexit.o)
 .debug_ranges  0x0000000000000108       0x30 /home/gmore/intelFPGA/18.1/nios2eds/bin/gnu/H-x86_64-pc-linux-gnu/bin/../lib/gcc/nios2-elf/5.3.0/../../../../../H-x86_64-pc-linux-gnu/nios2-elf/lib/mno-hw-mul/libc.a(lib_a-__call_atexit.o)
